Component: ARM Compiler 5.06 update 7 (build 960) Tool: armlink [4d3601]

==============================================================================

Section Cross References

    startup_stm32f103xe.o(RESET) refers to startup_stm32f103xe.o(STACK) for __initial_sp
    startup_stm32f103xe.o(RESET) refers to startup_stm32f103xe.o(.text) for Reset_Handler
    startup_stm32f103xe.o(RESET) refers to stm32f1xx_it.o(i.NMI_Handler) for NMI_Handler
    startup_stm32f103xe.o(RESET) refers to stm32f1xx_it.o(i.HardFault_Handler) for HardFault_Handler
    startup_stm32f103xe.o(RESET) refers to stm32f1xx_it.o(i.MemManage_Handler) for MemManage_Handler
    startup_stm32f103xe.o(RESET) refers to stm32f1xx_it.o(i.BusFault_Handler) for BusFault_Handler
    startup_stm32f103xe.o(RESET) refers to stm32f1xx_it.o(i.UsageFault_Handler) for UsageFault_Handler
    startup_stm32f103xe.o(RESET) refers to stm32f1xx_it.o(i.SVC_Handler) for SVC_Handler
    startup_stm32f103xe.o(RESET) refers to stm32f1xx_it.o(i.DebugMon_Handler) for DebugMon_Handler
    startup_stm32f103xe.o(RESET) refers to stm32f1xx_it.o(i.PendSV_Handler) for PendSV_Handler
    startup_stm32f103xe.o(RESET) refers to stm32f1xx_it.o(i.SysTick_Handler) for SysTick_Handler
    startup_stm32f103xe.o(RESET) refers to stm32f1xx_it.o(i.USART1_IRQHandler) for USART1_IRQHandler
    startup_stm32f103xe.o(.text) refers to system_stm32f1xx.o(i.SystemInit) for SystemInit
    startup_stm32f103xe.o(.text) refers to entry.o(.ARM.Collect$$$$00000000) for __main
    stm32f1xx_hal_i2c.o(i.HAL_I2C_DeInit) refers to i2c.o(i.HAL_I2C_MspDeInit) for HAL_I2C_MspDeInit
    stm32f1xx_hal_i2c.o(i.HAL_I2C_ER_IRQHandler) refers to stm32f1xx_hal_i2c.o(i.I2C_Slave_AF) for I2C_Slave_AF
    stm32f1xx_hal_i2c.o(i.HAL_I2C_ER_IRQHandler) refers to stm32f1xx_hal_i2c.o(i.I2C_ITError) for I2C_ITError
    stm32f1xx_hal_i2c.o(i.HAL_I2C_EV_IRQHandler) refers to stm32f1xx_hal_i2c.o(i.I2C_Slave_ADDR) for I2C_Slave_ADDR
    stm32f1xx_hal_i2c.o(i.HAL_I2C_EV_IRQHandler) refers to stm32f1xx_hal_i2c.o(i.I2C_Master_SB) for I2C_Master_SB
    stm32f1xx_hal_i2c.o(i.HAL_I2C_EV_IRQHandler) refers to stm32f1xx_hal_i2c.o(i.I2C_Master_ADDR) for I2C_Master_ADDR
    stm32f1xx_hal_i2c.o(i.HAL_I2C_EV_IRQHandler) refers to stm32f1xx_hal_i2c.o(i.I2C_MasterTransmit_TXE) for I2C_MasterTransmit_TXE
    stm32f1xx_hal_i2c.o(i.HAL_I2C_EV_IRQHandler) refers to stm32f1xx_hal_i2c.o(i.I2C_MemoryTransmit_TXE_BTF) for I2C_MemoryTransmit_TXE_BTF
    stm32f1xx_hal_i2c.o(i.HAL_I2C_EV_IRQHandler) refers to stm32f1xx_hal_i2c.o(i.I2C_MasterTransmit_BTF) for I2C_MasterTransmit_BTF
    stm32f1xx_hal_i2c.o(i.HAL_I2C_EV_IRQHandler) refers to stm32f1xx_hal_i2c.o(i.I2C_MasterReceive_RXNE) for I2C_MasterReceive_RXNE
    stm32f1xx_hal_i2c.o(i.HAL_I2C_EV_IRQHandler) refers to stm32f1xx_hal_i2c.o(i.I2C_MasterReceive_BTF) for I2C_MasterReceive_BTF
    stm32f1xx_hal_i2c.o(i.HAL_I2C_EV_IRQHandler) refers to stm32f1xx_hal_i2c.o(i.I2C_Slave_STOPF) for I2C_Slave_STOPF
    stm32f1xx_hal_i2c.o(i.HAL_I2C_EV_IRQHandler) refers to stm32f1xx_hal_i2c.o(i.HAL_I2C_SlaveRxCpltCallback) for HAL_I2C_SlaveRxCpltCallback
    stm32f1xx_hal_i2c.o(i.HAL_I2C_EV_IRQHandler) refers to stm32f1xx_hal_i2c.o(i.HAL_I2C_SlaveTxCpltCallback) for HAL_I2C_SlaveTxCpltCallback
    stm32f1xx_hal_i2c.o(i.HAL_I2C_Init) refers to i2c.o(i.HAL_I2C_MspInit) for HAL_I2C_MspInit
    stm32f1xx_hal_i2c.o(i.HAL_I2C_Init) refers to stm32f1xx_hal_rcc.o(i.HAL_RCC_GetPCLK1Freq) for HAL_RCC_GetPCLK1Freq
    stm32f1xx_hal_i2c.o(i.HAL_I2C_IsDeviceReady) refers to stm32f1xx_hal.o(i.HAL_GetTick) for HAL_GetTick
    stm32f1xx_hal_i2c.o(i.HAL_I2C_IsDeviceReady) refers to stm32f1xx_hal_i2c.o(i.I2C_WaitOnFlagUntilTimeout) for I2C_WaitOnFlagUntilTimeout
    stm32f1xx_hal_i2c.o(i.HAL_I2C_Master_Abort_IT) refers to stm32f1xx_hal_i2c.o(i.I2C_ITError) for I2C_ITError
    stm32f1xx_hal_i2c.o(i.HAL_I2C_Master_Receive) refers to stm32f1xx_hal.o(i.HAL_GetTick) for HAL_GetTick
    stm32f1xx_hal_i2c.o(i.HAL_I2C_Master_Receive) refers to stm32f1xx_hal_i2c.o(i.I2C_WaitOnFlagUntilTimeout) for I2C_WaitOnFlagUntilTimeout
    stm32f1xx_hal_i2c.o(i.HAL_I2C_Master_Receive) refers to stm32f1xx_hal_i2c.o(i.I2C_MasterRequestRead) for I2C_MasterRequestRead
    stm32f1xx_hal_i2c.o(i.HAL_I2C_Master_Receive) refers to stm32f1xx_hal_i2c.o(i.I2C_WaitOnRXNEFlagUntilTimeout) for I2C_WaitOnRXNEFlagUntilTimeout
    stm32f1xx_hal_i2c.o(i.HAL_I2C_Master_Receive) refers to system_stm32f1xx.o(.data) for SystemCoreClock
    stm32f1xx_hal_i2c.o(i.HAL_I2C_Master_Receive_DMA) refers to stm32f1xx_hal_dma.o(i.HAL_DMA_Start_IT) for HAL_DMA_Start_IT
    stm32f1xx_hal_i2c.o(i.HAL_I2C_Master_Receive_DMA) refers to system_stm32f1xx.o(.data) for SystemCoreClock
    stm32f1xx_hal_i2c.o(i.HAL_I2C_Master_Receive_DMA) refers to stm32f1xx_hal_i2c.o(i.I2C_DMAXferCplt) for I2C_DMAXferCplt
    stm32f1xx_hal_i2c.o(i.HAL_I2C_Master_Receive_DMA) refers to stm32f1xx_hal_i2c.o(i.I2C_DMAError) for I2C_DMAError
[...]
    ..\Drivers\STM32F1xx_HAL_Driver\Src\stm32f1xx_hal_flash_ex.c 0x00000000   Number         0  stm32f1xx_hal_flash_ex.o ABSOLUTE
    ..\Drivers\STM32F1xx_HAL_Driver\Src\stm32f1xx_hal_gpio.c 0x00000000   Number         0  stm32f1xx_hal_gpio.o ABSOLUTE
    ..\Drivers\STM32F1xx_HAL_Driver\Src\stm32f1xx_hal_gpio_ex.c 0x00000000   Number         0  stm32f1xx_hal_gpio_ex.o ABSOLUTE
    ..\Drivers\STM32F1xx_HAL_Driver\Src\stm32f1xx_hal_i2c.c 0x00000000   Number         0  stm32f1xx_hal_i2c.o ABSOLUTE
    ..\Drivers\STM32F1xx_HAL_Driver\Src\stm32f1xx_hal_pwr.c 0x00000000   Number         0  stm32f1xx_hal_pwr.o ABSOLUTE
    ..\Drivers\STM32F1xx_HAL_Driver\Src\stm32f1xx_hal_rcc.c 0x00000000   Number         0  stm32f1xx_hal_rcc.o ABSOLUTE
    ..\Drivers\STM32F1xx_HAL_Driver\Src\stm32f1xx_hal_rcc_ex.c 0x00000000   Number         0  stm32f1xx_hal_rcc_ex.o ABSOLUTE
    ..\Drivers\STM32F1xx_HAL_Driver\Src\stm32f1xx_hal_spi.c 0x00000000   Number         0  stm32f1xx_hal_spi.o ABSOLUTE
    ..\Drivers\STM32F1xx_HAL_Driver\Src\stm32f1xx_hal_uart.c 0x00000000   Number         0  stm32f1xx_hal_uart.o ABSOLUTE
    ..\Inf\OLED.c                            0x00000000   Number         0  oled.o ABSOLUTE
    ..\Inf\OLED_Data.c                       0x00000000   Number         0  oled_data.o ABSOLUTE
    ..\Inf\dht11.c                           0x00000000   Number         0  dht11.o ABSOLUTE
    ..\Inf\key.c                             0x00000000   Number         0  key.o ABSOLUTE
    ..\Inf\mpu6050.c                         0x00000000   Number         0  mpu6050.o ABSOLUTE
    ..\Inf\st7735s.c                         0x00000000   Number         0  st7735s.o ABSOLUTE
    ..\Middle\middle_dht11.c                 0x00000000   Number         0  middle_dht11.o ABSOLUTE
    ..\Middle\middle_key.c                   0x00000000   Number         0  middle_key.o ABSOLUTE
    ..\Middle\middle_mpu6050.c               0x00000000   Number         0  middle_mpu6050.o ABSOLUTE
    ..\Middle\middle_oled.c                  0x00000000   Number         0  middle_oled.o ABSOLUTE
    ..\Middle\middle_tft.c                   0x00000000   Number         0  middle_tft.o ABSOLUTE
    ..\\Middle\\middle_dht11.c               0x00000000   Number         0  middle_dht11.o ABSOLUTE
    ..\\Middle\\middle_key.c                 0x00000000   Number         0  middle_key.o ABSOLUTE
    ..\\Middle\\middle_mpu6050.c             0x00000000   Number         0  middle_mpu6050.o ABSOLUTE
    ..\\Middle\\middle_oled.c                0x00000000   Number         0  middle_oled.o ABSOLUTE
    ..\\Middle\\middle_tft.c                 0x00000000   Number         0  middle_tft.o ABSOLUTE
    ..\tool\ring.c                           0x00000000   Number         0  ring.o ABSOLUTE
    ..\tool\shell.c                          0x00000000   Number         0  shell.o ABSOLUTE
    ..\tool\shell_ext.c                      0x00000000   Number         0  shell_ext.o ABSOLUTE
    cdcmple.s                                0x00000000   Number         0  cdcmple.o ABSOLUTE
    cdrcmple.s                               0x00000000   Number         0  cdrcmple.o ABSOLUTE
    dc.s                                     0x00000000   Number         0  dc.o ABSOLUTE
    handlers.s                               0x00000000   Number         0  handlers.o ABSOLUTE
    init.s                                   0x00000000   Number         0  init.o ABSOLUTE
    startup_stm32f103xe.s                    0x00000000   Number         0  startup_stm32f103xe.o ABSOLUTE
    RESET                                    0x08000000   Section      304  startup_stm32f103xe.o(RESET)
    .ARM.Collect$$$$00000000                 0x08000130   Section        0  entry.o(.ARM.Collect$$$$00000000)
    .ARM.Collect$$$$00000001                 0x08000130   Section        4  entry2.o(.ARM.Collect$$$$00000001)
    .ARM.Collect$$$$00000004                 0x08000134   Section        4  entry5.o(.ARM.Collect$$$$00000004)
    .ARM.Collect$$$$00000008                 0x08000138   Section        0  entry7b.o(.ARM.Collect$$$$00000008)
    .ARM.Collect$$$$0000000A                 0x08000138   Section        0  entry8b.o(.ARM.Collect$$$$0000000A)
    .ARM.Collect$$$$0000000B                 0x08000138   Section        8  entry9a.o(.ARM.Collect$$$$0000000B)
    .ARM.Collect$$$$0000000E                 0x08000140   Section        4  entry12b.o(.ARM.Collect$$$$0000000E)
    .ARM.Collect$$$$0000000F                 0x08000144   Section        0  entry10a.o(.ARM.Collect$$$$0000000F)
    .ARM.Collect$$$$00000011                 0x08000144   Section        0  entry11a.o(.ARM.Collect$$$$00000011)
    .ARM.Collect$$$$00002712                 0x08000144   Section        4  entry2.o(.ARM.Collect$$$$00002712)
    __lit__00000000                          0x08000144   Data           4  entry2.o(.ARM.Collect$$$$00002712)
    .text                                    0x08000148   Section       36  startup_stm32f103xe.o(.text)
    .text                                    0x0800016c   Section        0  llushr.o(.text)
    .text                                    0x0800018c   Section        0  memcpya.o(.text)
    .text                                    0x080001b0   Section        0  memseta.o(.text)
    .text                                    0x080001d4   Section        0  strcmp.o(.text)
    .text                                    0x080001f0   Section        0  fmul.o(.text)
    .text                                    0x08000254   Section        0  fdiv.o(.text)
    .text                                    0x080002d0   Section        0  dadd.o(.text)
    .text                                    0x0800041e   Section        0  dmul.o(.text)
    .text                                    0x08000502   Section        0  ddiv.o(.text)
    .text                                    0x080005e0   Section        0  fflti.o(.text)
    .text                                    0x080005f2   Section        0  ffltui.o(.text)
    .text                                    0x080005fc   Section       48  cdrcmple.o(.text)
    .text                                    0x0800062c   Section        0  uidiv.o(.text)
    .text                                    0x08000658   Section        0  uldiv.o(.text)
    .text                                    0x080006ba   Section        0  llshl.o(.text)
    .text                                    0x080006d8   Section        0  llsshr.o(.text)
    .text                                    0x080006fc   Section        0  fepilogue.o(.text)
    .text                                    0x080006fc   Section        0  iusefp.o(.text)
    .text                                    0x0800076a   Section        0  depilogue.o(.text)
    .text                                    0x08000824   Section        0  dfixul.o(.text)
    .text                                    0x08000854   Section       36  init.o(.text)
    i.BSP_Key_Init                           0x08000878   Section        0  middle_key.o(i.BSP_Key_Init)
    i.BSP_OLED_I2C_WriteBytes                0x080008dc   Section        0  middle_oled.o(i.BSP_OLED_I2C_WriteBytes)
    i.BSP_OLED_Init                          0x08000900   Section        0  middle_oled.o(i.BSP_OLED_Init)
    i.BusFault_Handler                       0x08000914   Section        0  stm32f1xx_it.o(i.BusFault_Handler)
    i.DebugMon_Handler                       0x08000916   Section        0  stm32f1xx_it.o(i.DebugMon_Handler)
    i.Error_Handler                          0x08000918   Section        0  main.o(i.Error_Handler)
    i.HAL_DMA_Abort                          0x0800091c   Section        0  stm32f1xx_hal_dma.o(i.HAL_DMA_Abort)
    i.HAL_DMA_Abort_IT                       0x08000964   Section        0  stm32f1xx_hal_dma.o(i.HAL_DMA_Abort_IT)
    i.HAL_DMA_Init                           0x08000a94   Section        0  stm32f1xx_hal_dma.o(i.HAL_DMA_Init)
    i.HAL_GPIO_Init                          0x08000b10   Section        0  stm32f1xx_hal_gpio.o(i.HAL_GPIO_Init)
    i.HAL_GPIO_ReadPin                       0x08000d00   Section        0  stm32f1xx_hal_gpio.o(i.HAL_GPIO_ReadPin)
    i.HAL_GPIO_TogglePin                     0x08000d0a   Section        0  stm32f1xx_hal_gpio.o(i.HAL_GPIO_TogglePin)
    i.HAL_GPIO_WritePin                      0x08000d1a   Section        0  stm32f1xx_hal_gpio.o(i.HAL_GPIO_WritePin)
    i.HAL_GetTick                            0x08000d24   Section        0  stm32f1xx_hal.o(i.HAL_GetTick)
    i.HAL_I2C_Init                           0x08000d30   Section        0  stm32f1xx_hal_i2c.o(i.HAL_I2C_Init)
    i.HAL_I2C_Master_Transmit                0x08000eb8   Section        0  stm32f1xx_hal_i2c.o(i.HAL_I2C_Master_Transmit)
    i.HAL_I2C_MspInit                        0x08000fe4   Section        0  i2c.o(i.HAL_I2C_MspInit)
    i.HAL_IncTick                            0x08001040   Section        0  stm32f1xx_hal.o(i.HAL_IncTick)
    i.HAL_Init                               0x08001050   Section        0  stm32f1xx_hal.o(i.HAL_Init)
    i.HAL_InitTick                           0x08001074   Section        0  stm32f1xx_hal.o(i.HAL_InitTick)
    i.HAL_MspInit                            0x080010b4   Section        0  stm32f1xx_hal_msp.o(i.HAL_MspInit)
    i.HAL_NVIC_EnableIRQ                     0x080010f0   Section        0  stm32f1xx_hal_cortex.o(i.HAL_NVIC_EnableIRQ)
    i.HAL_NVIC_SetPriority                   0x0800110c   Section        0  stm32f1xx_hal_cortex.o(i.HAL_NVIC_SetPriority)
    i.HAL_NVIC_SetPriorityGrouping           0x0800114c   Section        0  stm32f1xx_hal_cortex.o(i.HAL_NVIC_SetPriorityGrouping)
    i.HAL_RCC_ClockConfig                    0x08001170   Section        0  stm32f1xx_hal_rcc.o(i.HAL_RCC_ClockConfig)
    i.HAL_RCC_GetPCLK1Freq                   0x080012a8   Section        0  stm32f1xx_hal_rcc.o(i.HAL_RCC_GetPCLK1Freq)
    i.HAL_RCC_GetPCLK2Freq                   0x080012c8   Section        0  stm32f1xx_hal_rcc.o(i.HAL_RCC_GetPCLK2Freq)
    i.HAL_RCC_GetSysClockFreq                0x080012e8   Section        0  stm32f1xx_hal_rcc.o(i.HAL_RCC_GetSysClockFreq)
    i.HAL_RCC_OscConfig                      0x08001334   Section        0  stm32f1xx_hal_rcc.o(i.HAL_RCC_OscConfig)
    i.HAL_SPI_Init                           0x0800164c   Section        0  stm32f1xx_hal_spi.o(i.HAL_SPI_Init)
    i.HAL_SPI_MspInit                        0x08001700   Section        0  spi.o(i.HAL_SPI_MspInit)
    i.HAL_SYSTICK_Config                     0x0800175c   Section        0  stm32f1xx_hal_cortex.o(i.HAL_SYSTICK_Config)
    i.HAL_UARTEx_ReceiveToIdle_IT            0x08001784   Section        0  stm32f1xx_hal_uart.o(i.HAL_UARTEx_ReceiveToIdle_IT)
    i.HAL_UARTEx_RxEventCallback             0x080017dc   Section        0  main.o(i.HAL_UARTEx_RxEventCallback)
    i.HAL_UART_ErrorCallback                 0x08001818   Section        0  stm32f1xx_hal_uart.o(i.HAL_UART_ErrorCallback)
    i.HAL_UART_IRQHandler                    0x0800181c   Section        0  stm32f1xx_hal_uart.o(i.HAL_UART_IRQHandler)
    i.HAL_UART_Init                          0x08001a88   Section        0  stm32f1xx_hal_uart.o(i.HAL_UART_Init)
    i.HAL_UART_MspInit                       0x08001aec   Section        0  usart.o(i.HAL_UART_MspInit)
    i.HAL_UART_RxCpltCallback                0x08001b9c   Section        0  stm32f1xx_hal_uart.o(i.HAL_UART_RxCpltCallback)
    i.HAL_UART_Transmit                      0x08001b9e   Section        0  stm32f1xx_hal_uart.o(i.HAL_UART_Transmit)
    i.HAL_UART_TxCpltCallback                0x08001c3e   Section        0  stm32f1xx_hal_uart.o(i.HAL_UART_TxCpltCallback)
    i.HardFault_Handler                      0x08001c40   Section        0  stm32f1xx_it.o(i.HardFault_Handler)
    i.I2C_IsAcknowledgeFailed                0x08001c42   Section        0  stm32f1xx_hal_i2c.o(i.I2C_IsAcknowledgeFailed)
    I2C_IsAcknowledgeFailed                  0x08001c43   Thumb Code    46  stm32f1xx_hal_i2c.o(i.I2C_IsAcknowledgeFailed)
    i.I2C_MasterRequestWrite                 0x08001c70   Section        0  stm32f1xx_hal_i2c.o(i.I2C_MasterRequestWrite)
    I2C_MasterRequestWrite                   0x08001c71   Thumb Code   150  stm32f1xx_hal_i2c.o(i.I2C_MasterRequestWrite)
    i.I2C_WaitOnBTFFlagUntilTimeout          0x08001d0c   Section        0  stm32f1xx_hal_i2c.o(i.I2C_WaitOnBTFFlagUntilTimeout)
    I2C_WaitOnBTFFlagUntilTimeout            0x08001d0d   Thumb Code    86  stm32f1xx_hal_i2c.o(i.I2C_WaitOnBTFFlagUntilTimeout)
    i.I2C_WaitOnFlagUntilTimeout             0x08001d62   Section        0  stm32f1xx_hal_i2c.o(i.I2C_WaitOnFlagUntilTimeout)
    I2C_WaitOnFlagUntilTimeout               0x08001d63   Thumb Code   136  stm32f1xx_hal_i2c.o(i.I2C_WaitOnFlagUntilTimeout)
    i.I2C_WaitOnMasterAddressFlagUntilTimeout 0x08001dea   Section        0  stm32f1xx_hal_i2c.o(i.I2C_WaitOnMasterAddressFlagUntilTimeout)
    I2C_WaitOnMasterAddressFlagUntilTimeout  0x08001deb   Thumb Code   186  stm32f1xx_hal_i2c.o(i.I2C_WaitOnMasterAddressFlagUntilTimeout)
    i.I2C_WaitOnTXEFlagUntilTimeout          0x08001ea4   Section        0  stm32f1xx_hal_i2c.o(i.I2C_WaitOnTXEFlagUntilTimeout)
    I2C_WaitOnTXEFlagUntilTimeout            0x08001ea5   Thumb Code    86  stm32f1xx_hal_i2c.o(i.I2C_WaitOnTXEFlagUntilTimeout)
    i.Key_ObjInit                            0x08001efc   Section        0  key.o(i.Key_ObjInit)
    i.Key_RegisterDriver                     0x08001f30   Section        0  key.o(i.Key_RegisterDriver)
    i.Key_Scan                               0x08001f4c   Section        0  key.o(i.Key_Scan)
    i.MX_DMA_Init                            0x08002060   Section        0  dma.o(i.MX_DMA_Init)
    i.MX_GPIO_Init                           0x0800207c   Section        0  gpio.o(i.MX_GPIO_Init)
    i.MX_I2C1_Init                           0x08002168   Section        0  i2c.o(i.MX_I2C1_Init)
    i.MX_SPI1_Init                           0x080021a8   Section        0  spi.o(i.MX_SPI1_Init)
    i.MX_USART1_UART_Init                    0x080021f0   Section        0  usart.o(i.MX_USART1_UART_Init)
    i.MemManage_Handler                      0x08002228   Section        0  stm32f1xx_it.o(i.MemManage_Handler)
    i.NMI_Handler                            0x0800222a   Section        0  stm32f1xx_it.o(i.NMI_Handler)
    i.OLED_Clear                             0x0800222c   Section        0  oled.o(i.OLED_Clear)
    i.OLED_ClearArea                         0x08002254   Section        0  oled.o(i.OLED_ClearArea)
    i.OLED_Init                              0x080022a8   Section        0  oled.o(i.OLED_Init)
    i.OLED_Printf                            0x08002340   Section        0  oled.o(i.OLED_Printf)
    i.OLED_RegisterDriver                    0x0800236c   Section        0  oled.o(i.OLED_RegisterDriver)
    i.OLED_SetCursor                         0x08002378   Section        0  oled.o(i.OLED_SetCursor)
    i.OLED_ShowChar                          0x0800239c   Section        0  oled.o(i.OLED_ShowChar)
    i.OLED_ShowImage                         0x080023d8   Section        0  oled.o(i.OLED_ShowImage)
    i.OLED_ShowString                        0x0800248c   Section        0  oled.o(i.OLED_ShowString)
    i.OLED_Update                            0x080024b8   Section        0  oled.o(i.OLED_Update)
    i.OLED_WriteCommand                      0x080024e0   Section        0  oled.o(i.OLED_WriteCommand)
    i.OLED_WriteData                         0x080024ee   Section        0  oled.o(i.OLED_WriteData)
    i.OLED_WritePacket                       0x08002504   Section        0  oled.o(i.OLED_WritePacket)
    OLED_WritePacket                         0x08002505   Thumb Code    88  oled.o(i.OLED_WritePacket)
    i.PendSV_Handler                         0x08002560   Section        0  stm32f1xx_it.o(i.PendSV_Handler)
    i.SVC_Handler                            0x08002562   Section        0  stm32f1xx_it.o(i.SVC_Handler)
    i.SysTick_Handler                        0x08002564   Section        0  stm32f1xx_it.o(i.SysTick_Handler)
    i.SystemClock_Config                     0x08002568   Section        0  main.o(i.SystemClock_Config)
    i.SystemInit                             0x080025c4   Section        0  system_stm32f1xx.o(i.SystemInit)
    i.UART_DMAAbortOnError                   0x080025c6   Section        0  stm32f1xx_hal_uart.o(i.UART_DMAAbortOnError)
    UART_DMAAbortOnError                     0x080025c7   Thumb Code    16  stm32f1xx_hal_uart.o(i.UART_DMAAbortOnError)
    i.UART_EndRxTransfer                     0x080025d6   Section        0  stm32f1xx_hal_uart.o(i.UART_EndRxTransfer)
    UART_EndRxTransfer                       0x080025d7   Thumb Code    78  stm32f1xx_hal_uart.o(i.UART_EndRxTransfer)
    i.UART_Receive_IT                        0x08002624   Section        0  stm32f1xx_hal_uart.o(i.UART_Receive_IT)
    UART_Receive_IT                          0x08002625   Thumb Code   194  stm32f1xx_hal_uart.o(i.UART_Receive_IT)
    i.UART_SetConfig                         0x080026e8   Section        0  stm32f1xx_hal_uart.o(i.UART_SetConfig)
    UART_SetConfig                           0x080026e9   Thumb Code   178  stm32f1xx_hal_uart.o(i.UART_SetConfig)
    i.UART_Start_Receive_IT                  0x080027a0   Section        0  stm32f1xx_hal_uart.o(i.UART_Start_Receive_IT)
    i.UART_WaitOnFlagUntilTimeout            0x080027d6   Section        0  stm32f1xx_hal_uart.o(i.UART_WaitOnFlagUntilTimeout)
    UART_WaitOnFlagUntilTimeout              0x080027d7   Thumb Code   112  stm32f1xx_hal_uart.o(i.UART_WaitOnFlagUntilTimeout)
    i.USART1_IRQHandler                      0x08002848   Section        0  stm32f1xx_it.o(i.USART1_IRQHandler)
    i.UsageFault_Handler                     0x08002854   Section        0  stm32f1xx_it.o(i.UsageFault_Handler)
    i.__0printf                              0x08002858   Section        0  printfa.o(i.__0printf)
    i.__0vsnprintf                           0x08002878   Section        0  printfa.o(i.__0vsnprintf)
    i.__0vsprintf                            0x080028ac   Section        0  printfa.o(i.__0vsprintf)
    i.__NVIC_SetPriority                     0x080028d0   Section        0  stm32f1xx_hal_cortex.o(i.__NVIC_SetPriority)
    __NVIC_SetPriority                       0x080028d1   Thumb Code    32  stm32f1xx_hal_cortex.o(i.__NVIC_SetPriority)
    i.__scatterload_copy                     0x080028f0   Section       14  handlers.o(i.__scatterload_copy)
    i.__scatterload_null                     0x080028fe   Section        2  handlers.o(i.__scatterload_null)
    i.__scatterload_zeroinit                 0x08002900   Section       14  handlers.o(i.__scatterload_zeroinit)
    i._fp_digits                             0x08002910   Section        0  printfa.o(i._fp_digits)
    _fp_digits                               0x08002911   Thumb Code   366  printfa.o(i._fp_digits)
    i._printf_core                           0x08002a94   Section        0  printfa.o(i._printf_core)
    _printf_core                             0x08002a95   Thumb Code  1704  printfa.o(i._printf_core)
    i._printf_post_padding                   0x08003148   Section        0  printfa.o(i._printf_post_padding)
    _printf_post_padding                     0x08003149   Thumb Code    36  printfa.o(i._printf_post_padding)
    i._printf_pre_padding                    0x0800316c   Section        0  printfa.o(i._printf_pre_padding)
    _printf_pre_padding                      0x0800316d   Thumb Code    46  printfa.o(i._printf_pre_padding)
    i._snputc                                0x0800319a   Section        0  printfa.o(i._snputc)
    _snputc                                  0x0800319b   Thumb Code    22  printfa.o(i._snputc)
    i._sputc                                 0x080031b0   Section        0  printfa.o(i._sputc)
    _sputc                                   0x080031b1   Thumb Code    10  printfa.o(i._sputc)
    i.add                                    0x080031bc   Section        0  main.o(i.add)
    i.fputc                                  0x080031e8   Section        0  main.o(i.fputc)
    i.get_tickFunc                           0x08003200   Section        0  middle_key.o(i.get_tickFunc)
    i.gpio_readFunc                          0x08003204   Section        0  middle_key.o(i.gpio_readFunc)
    i.hello                                  0x0800322c   Section        0  main.o(i.hello)
    i.main                                   0x08003250   Section        0  main.o(i.main)
    i.min_u32                                0x08003370   Section        0  ring.o(i.min_u32)
    min_u32                                  0x08003371   Thumb Code     8  ring.o(i.min_u32)
    i.ring_available                         0x08003378   Section        0  ring.o(i.ring_available)
    i.ring_free                              0x0800338c   Section        0  ring.o(i.ring_free)
    i.ring_init                              0x0800339a   Section        0  ring.o(i.ring_init)
    i.ring_read                              0x080033a6   Section        0  ring.o(i.ring_read)
    i.ring_write                             0x0800340a   Section        0  ring.o(i.ring_write)
    i.shellAnsi                              0x0800346e   Section        0  shell.o(i.shellAnsi)
    i.shellAnsiStart                         0x080034e8   Section        0  shell.o(i.shellAnsiStart)
    shellAnsiStart                           0x080034e9   Thumb Code    16  shell.o(i.shellAnsiStart)
    i.shellBackspace                         0x080034f8   Section        0  shell.o(i.shellBackspace)
    shellBackspace                           0x080034f9   Thumb Code   164  shell.o(i.shellBackspace)
    i.shellClear                             0x0800359c   Section        0  shell.o(i.shellClear)
    i.shellClearLine                         0x080035c0   Section        0  shell.o(i.shellClearLine)
    shellClearLine                           0x080035c1   Thumb Code    42  shell.o(i.shellClearLine)
    i.shellDelete                            0x080035ec   Section        0  shell.o(i.shellDelete)
    shellDelete                              0x080035ed   Thumb Code    24  shell.o(i.shellDelete)
    i.shellDisplay                           0x08003608   Section        0  shell.o(i.shellDisplay)
    i.shellDisplayByte                       0x08003630   Section        0  shell.o(i.shellDisplayByte)
    shellDisplayByte                         0x08003631   Thumb Code    14  shell.o(i.shellDisplayByte)
    i.shellDisplayItem                       0x08003640   Section        0  shell.o(i.shellDisplayItem)
    shellDisplayItem                         0x08003641   Thumb Code    76  shell.o(i.shellDisplayItem)
    i.shellDisplayValue                      0x08003698   Section        0  shell.o(i.shellDisplayValue)
    shellDisplayValue                        0x08003699   Thumb Code   144  shell.o(i.shellDisplayValue)
    i.shellDisplayVariable                   0x08003744   Section        0  shell.o(i.shellDisplayVariable)
    shellDisplayVariable                     0x08003745   Thumb Code    48  shell.o(i.shellDisplayVariable)
    i.shellEnter                             0x08003778   Section        0  shell.o(i.shellEnter)
    shellEnter                               0x08003779   Thumb Code   436  shell.o(i.shellEnter)
    i.shellExtParseChar                      0x08003948   Section        0  shell_ext.o(i.shellExtParseChar)
    shellExtParseChar                        0x08003949   Thumb Code    60  shell_ext.o(i.shellExtParseChar)
    i.shellExtParseNumber                    0x08003984   Section        0  shell_ext.o(i.shellExtParseNumber)
    shellExtParseNumber                      0x08003985   Thumb Code   274  shell_ext.o(i.shellExtParseNumber)
    i.shellExtParsePara                      0x08003a96   Section        0  shell_ext.o(i.shellExtParsePara)
    i.shellExtRun                            0x08003b24   Section        0  shell_ext.o(i.shellExtRun)
    i.shellGetCurrent                        0x08003c84   Section        0  shell.o(i.shellGetCurrent)
    i.shellGetVariable                       0x08003cac   Section        0  shell.o(i.shellGetVariable)
    i.shellHandler                           0x08003d0c   Section        0  shell.o(i.shellHandler)
    i.shellHelp                              0x08003da0   Section        0  shell.o(i.shellHelp)
    i.shellHistory                           0x08003e6c   Section        0  shell.o(i.shellHistory)
    shellHistory                             0x08003e6d   Thumb Code   156  shell.o(i.shellHistory)
    i.shellInit                              0x08003f08   Section        0  shell.o(i.shellInit)
    i.shellListVariables                     0x08003fa0   Section        0  shell.o(i.shellListVariables)
    i.shellNormal                            0x08004020   Section        0  shell.o(i.shellNormal)
    shellNormal                              0x08004021   Thumb Code   180  shell.o(i.shellNormal)
    i.shellPrint                             0x080040d8   Section        0  shell.o(i.shellPrint)
    i.shellReadChar                          0x08004100   Section        0  main.o(i.shellReadChar)
    i.shellSetVariable                       0x08004120   Section        0  shell.o(i.shellSetVariable)
    i.shellStringCompare                     0x080041c8   Section        0  shell.o(i.shellStringCompare)
    shellStringCompare                       0x080041c9   Thumb Code    36  shell.o(i.shellStringCompare)
    i.shellStringCopy                        0x080041ec   Section        0  shell.o(i.shellStringCopy)
    shellStringCopy                          0x080041ed   Thumb Code    24  shell.o(i.shellStringCopy)
    i.shellTab                               0x08004204   Section        0  shell.o(i.shellTab)
    shellTab                                 0x08004205   Thumb Code   236  shell.o(i.shellTab)
    i.shellTask                              0x080042f4   Section        0  shell.o(i.shellTask)
    i.shellWriteChar                         0x08004324   Section        0  main.o(i.shellWriteChar)
    .constdata                               0x0800433c   Section       18  stm32f1xx_hal_rcc.o(.constdata)
    aPredivFactorTable                       0x0800433c   Data           2  stm32f1xx_hal_rcc.o(.constdata)
    aPLLMULFactorTable                       0x0800433e   Data          16  stm32f1xx_hal_rcc.o(.constdata)
    .constdata                               0x0800434e   Section       16  system_stm32f1xx.o(.constdata)
    .constdata                               0x0800435e   Section        8  system_stm32f1xx.o(.constdata)
    .constdata                               0x08004368   Section       48  shell.o(.constdata)
    .constdata                               0x08004398   Section        7  shell.o(.constdata)
    .constdata                               0x0800439f   Section        8  shell.o(.constdata)
    .constdata                               0x080043a7   Section       22  shell.o(.constdata)
    .constdata                               0x080043bd   Section        5  shell.o(.constdata)
    .constdata                               0x080043c2   Section       10  shell.o(.constdata)
    .constdata                               0x080043cc   Section        5  shell.o(.constdata)
    .constdata                               0x080043d1   Section       13  shell.o(.constdata)
    .constdata                               0x080043de   Section       43  shell.o(.constdata)
    .constdata                               0x08004409   Section        4  shell.o(.constdata)
    .constdata                               0x0800440d   Section       19  shell.o(.constdata)
    .constdata                               0x08004420   Section     1520  oled_data.o(.constdata)
    .constdata                               0x08004a10   Section      570  oled_data.o(.constdata)
    .constdata                               0x08004c4a   Section        6  main.o(.constdata)
    .constdata                               0x08004c50   Section       10  main.o(.constdata)
    .constdata                               0x08004c5a   Section        4  main.o(.constdata)
    .constdata                               0x08004c5e   Section       16  main.o(.constdata)
    .conststring                             0x08004c70   Section      573  shell.o(.conststring)
    shellCommand                             0x08004ed0   Section       16  shell.o(shellCommand)
    shellCommand                             0x08004ee0   Section       16  shell.o(shellCommand)
    shellCommand                             0x08004ef0   Section       16  shell.o(shellCommand)
    shellCommand                             0x08004f00   Section       16  shell.o(shellCommand)
    shellCommand                             0x08004f10   Section       16  main.o(shellCommand)
    shellCommand                             0x08004f20   Section       16  main.o(shellCommand)
    .data                                    0x20000000   Section       12  stm32f1xx_hal.o(.data)
    .data                                    0x2000000c   Section        4  system_stm32f1xx.o(.data)
    .data                                    0x20000010   Section       36  shell.o(.data)
    shellText                                0x20000010   Data          36  shell.o(.data)
    .data                                    0x20000034   Section        4  oled.o(.data)
    s_default_driver                         0x20000034   Data           4  oled.o(.data)
    .data                                    0x20000038   Section        4  oled.o(.data)
    .data                                    0x2000003c   Section        8  key.o(.data)
    s_key_driver                             0x2000003c   Data           8  key.o(.data)
    .data                                    0x20000044   Section        8  key.o(.data)
    g_driver_registered                      0x20000044   Data           1  key.o(.data)
    g_key_driver                             0x20000048   Data           4  key.o(.data)
    .data                                    0x2000004c   Section        4  stdout.o(.data)
    .bss                                     0x20000050   Section       20  shell.o(.bss)
    shellList                                0x20000050   Data          20  shell.o(.bss)
    .bss                                     0x20000064   Section     1024  oled.o(.bss)
    .bss                                     0x20000464   Section      768  main.o(.bss)
    .bss                                     0x20000764   Section       84  i2c.o(.bss)
    .bss                                     0x200007b8   Section       88  spi.o(.bss)
    .bss                                     0x20000810   Section      140  usart.o(.bss)
    STACK                                    0x200008a0   Section     1024  startup_stm32f103xe.o(STACK)

    Global Symbols

    Symbol Name                              Value     Ov Type        Size  Object(Section)

    BuildAttributes$$THM_ISAv4$P$D$K$B$S$PE$A:L22UL41UL21$X:L11$S22US41US21$IEEE1$IW$USESV6$~STKCKD$USESV7$~SHL$OTIME$ROPI$IEEEX$EBA8$MICROLIB$REQ8$PRES8$EABIv2 0x00000000   Number         0  anon$$obj.o ABSOLUTE
    __ARM_use_no_argv                        0x00000000   Number         0  main.o ABSOLUTE
    _printf_a                                0x00000000   Number         0  stubs.o ABSOLUTE
    _printf_c                                0x00000000   Number         0  stubs.o ABSOLUTE
    _printf_charcount                        0x00000000   Number         0  stubs.o ABSOLUTE
    _printf_d                                0x00000000   Number         0  stubs.o ABSOLUTE
    _printf_e                                0x00000000   Number         0  stubs.o ABSOLUTE
    _printf_f                                0x00000000   Number         0  stubs.o ABSOLUTE
    _printf_flags                            0x00000000   Number         0  stubs.o ABSOLUTE
    _printf_fp_dec                           0x00000000   Number         0  stubs.o ABSOLUTE
    _printf_fp_hex                           0x00000000   Number         0  stubs.o ABSOLUTE
    _printf_g                                0x00000000   Number         0  stubs.o ABSOLUTE
    _printf_i                                0x00000000   Number         0  stubs.o ABSOLUTE
    _printf_int_dec                          0x00000000   Number         0  stubs.o ABSOLUTE
    _printf_l                                0x00000000   Number         0  stubs.o ABSOLUTE
    _printf_lc                               0x00000000   Number         0  stubs.o ABSOLUTE
    _printf_ll                               0x00000000   Number         0  stubs.o ABSOLUTE
    _printf_lld                              0x00000000   Number         0  stubs.o ABSOLUTE
    _printf_lli                              0x00000000   Number         0  stubs.o ABSOLUTE
    _printf_llo                              0x00000000   Number         0  stubs.o ABSOLUTE
    _printf_llu                              0x00000000   Number         0  stubs.o ABSOLUTE
    _printf_llx                              0x00000000   Number         0  stubs.o ABSOLUTE
    _printf_longlong_dec                     0x00000000   Number         0  stubs.o ABSOLUTE
    _printf_longlong_hex                     0x00000000   Number         0  stubs.o ABSOLUTE
    _printf_longlong_oct                     0x00000000   Number         0  stubs.o ABSOLUTE
    _printf_ls                               0x00000000   Number         0  stubs.o ABSOLUTE
    _printf_mbtowc                           0x00000000   Number         0  stubs.o ABSOLUTE
    _printf_n                                0x00000000   Number         0  stubs.o ABSOLUTE
    _printf_o                                0x00000000   Number         0  stubs.o ABSOLUTE
    _printf_p                                0x00000000   Number         0  stubs.o ABSOLUTE
    _printf_percent                          0x00000000   Number         0  stubs.o ABSOLUTE
    _printf_pre_padding                      0x00000000   Number         0  stubs.o ABSOLUTE
    _printf_return_value                     0x00000000   Number         0  stubs.o ABSOLUTE
    _printf_s                                0x00000000   Number         0  stubs.o ABSOLUTE
    _printf_sizespec                         0x00000000   Number         0  stubs.o ABSOLUTE
    _printf_str                              0x00000000   Number         0  stubs.o ABSOLUTE
    _printf_truncate_signed                  0x00000000   Number         0  stubs.o ABSOLUTE
    _printf_truncate_unsigned                0x00000000   Number         0  stubs.o ABSOLUTE
    _printf_u                                0x00000000   Number         0  stubs.o ABSOLUTE
    _printf_wc                               0x00000000   Number         0  stubs.o ABSOLUTE
    _printf_wctomb                           0x00000000   Number         0  stubs.o ABSOLUTE
    _printf_widthprec                        0x00000000   Number         0  stubs.o ABSOLUTE
    _printf_x                                0x00000000   Number         0  stubs.o ABSOLUTE
    __arm_fini_                               - Undefined Weak Reference
    __cpp_initialize__aeabi_                  - Undefined Weak Reference
    __cxa_finalize                            - Undefined Weak Reference
    __decompress                              - Undefined Weak Reference
    _clock_init                               - Undefined Weak Reference
    _microlib_exit                            - Undefined Weak Reference
    shellVariable$$Base                       - Undefined Reference
    shellVariable$$Limit                      - Undefined Reference
    __Vectors_Size                           0x00000130   Number         0  startup_stm32f103xe.o ABSOLUTE
    __Vectors                                0x08000000   Data           4  startup_stm32f103xe.o(RESET)
    __Vectors_End                            0x08000130   Data           0  startup_stm32f103xe.o(RESET)
    __main                                   0x08000131   Thumb Code     0  entry.o(.ARM.Collect$$$$00000000)
    _main_stk                                0x08000131   Thumb Code     0  entry2.o(.ARM.Collect$$$$00000001)
    _main_scatterload                        0x08000135   Thumb Code     0  entry5.o(.ARM.Collect$$$$00000004)
    __main_after_scatterload                 0x08000139   Thumb Code     0  entry5.o(.ARM.Collect$$$$00000004)
    _main_clock                              0x08000139   Thumb Code     0  entry7b.o(.ARM.Collect$$$$00000008)
    _main_cpp_init                           0x08000139   Thumb Code     0  entry8b.o(.ARM.Collect$$$$0000000A)
    _main_init                               0x08000139   Thumb Code     0  entry9a.o(.ARM.Collect$$$$0000000B)
    __rt_lib_shutdown_fini                   0x08000141   Thumb Code     0  entry12b.o(.ARM.Collect$$$$0000000E)
    __rt_final_cpp                           0x08000145   Thumb Code     0  entry10a.o(.ARM.Collect$$$$0000000F)
    __rt_final_exit                          0x08000145   Thumb Code     0  entry11a.o(.ARM.Collect$$$$00000011)
    Reset_Handler                            0x08000149   Thumb Code     8  startup_stm32f103xe.o(.text)
    ADC1_2_IRQHandler                        0x08000163   Thumb Code     0  startup_stm32f103xe.o(.text)
    ADC3_IRQHandler                          0x08000163   Thumb Code     0  startup_stm32f103xe.o(.text)
    CAN1_RX1_IRQHandler                      0x08000163   Thumb Code     0  startup_stm32f103xe.o(.text)
    CAN1_SCE_IRQHandler                      0x08000163   Thumb Code     0  startup_stm32f103xe.o(.text)
    DMA1_Channel1_IRQHandler                 0x08000163   Thumb Code     0  startup_stm32f103xe.o(.text)
    DMA1_Channel2_IRQHandler                 0x08000163   Thumb Code     0  startup_stm32f103xe.o(.text)
    DMA1_Channel3_IRQHandler                 0x08000163   Thumb Code     0  startup_stm32f103xe.o(.text)
    DMA1_Channel4_IRQHandler                 0x08000163   Thumb Code     0  startup_stm32f103xe.o(.text)
    DMA1_Channel5_IRQHandler                 0x08000163   Thumb Code     0  startup_stm32f103xe.o(.text)
    DMA1_Channel6_IRQHandler                 0x08000163   Thumb Code     0  startup_stm32f103xe.o(.text)
    DMA1_Channel7_IRQHandler                 0x08000163   Thumb Code     0  startup_stm32f103xe.o(.text)
    DMA2_Channel1_IRQHandler                 0x08000163   Thumb Code     0  startup_stm32f103xe.o(.text)
    DMA2_Channel2_IRQHandler                 0x08000163   Thumb Code     0  startup_stm32f103xe.o(.text)
    DMA2_Channel3_IRQHandler                 0x08000163   Thumb Code     0  startup_stm32f103xe.o(.text)
    DMA2_Channel4_5_IRQHandler               0x08000163   Thumb Code     0  startup_stm32f103xe.o(.text)
    EXTI0_IRQHandler                         0x08000163   Thumb Code     0  startup_stm32f103xe.o(.text)
    EXTI15_10_IRQHandler                     0x08000163   Thumb Code     0  startup_stm32f103xe.o(.text)
    EXTI1_IRQHandler                         0x08000163   Thumb Code     0  startup_stm32f103xe.o(.text)
    EXTI2_IRQHandler                         0x08000163   Thumb Code     0  startup_stm32f103xe.o(.text)
    EXTI3_IRQHandler                         0x08000163   Thumb Code     0  startup_stm32f103xe.o(.text)
    EXTI4_IRQHandler                         0x08000163   Thumb Code     0  startup_stm32f103xe.o(.text)
    EXTI9_5_IRQHandler                       0x08000163   Thumb Code     0  startup_stm32f103xe.o(.text)
    FLASH_IRQHandler                         0x08000163   Thumb Code     0  startup_stm32f103xe.o(.text)
    FSMC_IRQHandler                          0x08000163   Thumb Code     0  startup_stm32f103xe.o(.text)
    I2C1_ER_IRQHandler                       0x08000163   Thumb Code     0  startup_stm32f103xe.o(.text)
    I2C1_EV_IRQHandler                       0x08000163   Thumb Code     0  startup_stm32f103xe.o(.text)
    I2C2_ER_IRQHandler                       0x08000163   Thumb Code     0  startup_stm32f103xe.o(.text)
    I2C2_EV_IRQHandler                       0x08000163   Thumb Code     0  startup_stm32f103xe.o(.text)
    PVD_IRQHandler                           0x08000163   Thumb Code     0  startup_stm32f103xe.o(.text)
    RCC_IRQHandler                           0x08000163   Thumb Code     0  startup_stm32f103xe.o(.text)
    RTC_Alarm_IRQHandler                     0x08000163   Thumb Code     0  startup_stm32f103xe.o(.text)
    RTC_IRQHandler                           0x08000163   Thumb Code     0  startup_stm32f103xe.o(.text)
    SDIO_IRQHandler                          0x08000163   Thumb Code     0  startup_stm32f103xe.o(.text)
    SPI1_IRQHandler                          0x08000163   Thumb Code     0  startup_stm32f103xe.o(.text)
    SPI2_IRQHandler                          0x08000163   Thumb Code     0  startup_stm32f103xe.o(.text)
    SPI3_IRQHandler                          0x08000163   Thumb Code     0  startup_stm32f103xe.o(.text)
    TAMPER_IRQHandler                        0x08000163   Thumb Code     0  startup_stm32f103xe.o(.text)
    TIM1_BRK_IRQHandler                      0x08000163   Thumb Code     0  startup_stm32f103xe.o(.text)
    TIM1_CC_IRQHandler                       0x08000163   Thumb Code     0  startup_stm32f103xe.o(.text)
    TIM1_TRG_COM_IRQHandler                  0x08000163   Thumb Code     0  startup_stm32f103xe.o(.text)
    TIM1_UP_IRQHandler                       0x08000163   Thumb Code     0  startup_stm32f103xe.o(.text)
    TIM2_IRQHandler                          0x08000163   Thumb Code     0  startup_stm32f103xe.o(.text)
    TIM3_IRQHandler                          0x08000163   Thumb Code     0  startup_stm32f103xe.o(.text)
    TIM4_IRQHandler                          0x08000163   Thumb Code     0  startup_stm32f103xe.o(.text)
    TIM5_IRQHandler                          0x08000163   Thumb Code     0  startup_stm32f103xe.o(.text)
    TIM6_IRQHandler                          0x08000163   Thumb Code     0  startup_stm32f103xe.o(.text)
    TIM7_IRQHandler                          0x08000163   Thumb Code     0  startup_stm32f103xe.o(.text)
    TIM8_BRK_IRQHandler                      0x08000163   Thumb Code     0  startup_stm32f103xe.o(.text)
    TIM8_CC_IRQHandler                       0x08000163   Thumb Code     0  startup_stm32f103xe.o(.text)
    TIM8_TRG_COM_IRQHandler                  0x08000163   Thumb Code     0  startup_stm32f103xe.o(.text)
    TIM8_UP_IRQHandler                       0x08000163   Thumb Code     0  startup_stm32f103xe.o(.text)
    UART4_IRQHandler                         0x08000163   Thumb Code     0  startup_stm32f103xe.o(.text)
    UART5_IRQHandler                         0x08000163   Thumb Code     0  startup_stm32f103xe.o(.text)
    USART2_IRQHandler                        0x08000163   Thumb Code     0  startup_stm32f103xe.o(.text)
    USART3_IRQHandler                        0x08000163   Thumb Code     0  startup_stm32f103xe.o(.text)
    USBWakeUp_IRQHandler                     0x08000163   Thumb Code     0  startup_stm32f103xe.o(.text)
    USB_HP_CAN1_TX_IRQHandler                0x08000163   Thumb Code     0  startup_stm32f103xe.o(.text)
    USB_LP_CAN1_RX0_IRQHandler               0x08000163   Thumb Code     0  startup_stm32f103xe.o(.text)
    WWDG_IRQHandler                          0x08000163   Thumb Code     0  startup_stm32f103xe.o(.text)
    __aeabi_llsr                             0x0800016d   Thumb Code    32  llushr.o(.text)
    _ll_ushift_r                             0x0800016d   Thumb Code     0  llushr.o(.text)
    __aeabi_memcpy                           0x0800018d   Thumb Code    36  memcpya.o(.text)
    __aeabi_memcpy4                          0x0800018d   Thumb Code     0  memcpya.o(.text)
    __aeabi_memcpy8                          0x0800018d   Thumb Code     0  memcpya.o(.text)
    __aeabi_memset                           0x080001b1   Thumb Code    14  memseta.o(.text)
    __aeabi_memset4                          0x080001b1   Thumb Code     0  memseta.o(.text)
    __aeabi_memset8                          0x080001b1   Thumb Code     0  memseta.o(.text)
    __aeabi_memclr                           0x080001bf   Thumb Code     4  memseta.o(.text)
    __aeabi_memclr4                          0x080001bf   Thumb Code     0  memseta.o(.text)
    __aeabi_memclr8                          0x080001bf   Thumb Code     0  memseta.o(.text)
    _memset$wrapper                          0x080001c3   Thumb Code    18  memseta.o(.text)
    strcmp                                   0x080001d5   Thumb Code    28  strcmp.o(.text)
    __aeabi_fmul                             0x080001f1   Thumb Code   100  fmul.o(.text)
    __aeabi_fdiv                             0x08000255   Thumb Code   124  fdiv.o(.text)
    __aeabi_dadd                             0x080002d1   Thumb Code   322  dadd.o(.text)
    __aeabi_dsub                             0x08000413   Thumb Code     6  dadd.o(.text)
    __aeabi_drsub                            0x08000419   Thumb Code     6  dadd.o(.text)
    __aeabi_dmul                             0x0800041f   Thumb Code   228  dmul.o(.text)
    __aeabi_ddiv                             0x08000503   Thumb Code   222  ddiv.o(.text)
    __aeabi_i2f                              0x080005e1   Thumb Code    18  fflti.o(.text)
    __aeabi_ui2f                             0x080005f3   Thumb Code    10  ffltui.o(.text)
    __aeabi_cdrcmple                         0x080005fd   Thumb Code    48  cdrcmple.o(.text)
    __aeabi_uidiv                            0x0800062d   Thumb Code     0  uidiv.o(.text)
    __aeabi_uidivmod                         0x0800062d   Thumb Code    44  uidiv.o(.text)
    __aeabi_uldivmod                         0x08000659   Thumb Code    98  uldiv.o(.text)
    __aeabi_llsl                             0x080006bb   Thumb Code    30  llshl.o(.text)
    _ll_shift_l                              0x080006bb   Thumb Code     0  llshl.o(.text)
    __aeabi_lasr                             0x080006d9   Thumb Code    36  llsshr.o(.text)
    _ll_sshift_r                             0x080006d9   Thumb Code     0  llsshr.o(.text)
    __I$use$fp                               0x080006fd   Thumb Code     0  iusefp.o(.text)
    _float_round                             0x080006fd   Thumb Code    18  fepilogue.o(.text)
    _float_epilogue                          0x0800070f   Thumb Code    92  fepilogue.o(.text)
    _double_round                            0x0800076b   Thumb Code    30  depilogue.o(.text)
    _double_epilogue                         0x08000789   Thumb Code   156  depilogue.o(.text)
    __aeabi_d2ulz                            0x08000825   Thumb Code    48  dfixul.o(.text)
    __scatterload                            0x08000855   Thumb Code    28  init.o(.text)
    __scatterload_rt2                        0x08000855   Thumb Code     0  init.o(.text)
    BSP_Key_Init                             0x08000879   Thumb Code    84  middle_key.o(i.BSP_Key_Init)
    BSP_OLED_I2C_WriteBytes                  0x080008dd   Thumb Code    30  middle_oled.o(i.BSP_OLED_I2C_WriteBytes)
    BSP_OLED_Init                            0x08000901   Thumb Code    16  middle_oled.o(i.BSP_OLED_Init)
    BusFault_Handler                         0x08000915   Thumb Code     2  stm32f1xx_it.o(i.BusFault_Handler)
    DebugMon_Handler                         0x08000917   Thumb Code     2  stm32f1xx_it.o(i.DebugMon_Handler)
    Error_Handler                            0x08000919   Thumb Code     4  main.o(i.Error_Handler)
    HAL_DMA_Abort                            0x0800091d   Thumb Code    70  stm32f1xx_hal_dma.o(i.HAL_DMA_Abort)
    HAL_DMA_Abort_IT                         0x08000965   Thumb Code   296  stm32f1xx_hal_dma.o(i.HAL_DMA_Abort_IT)
    HAL_DMA_Init                             0x08000a95   Thumb Code   112  stm32f1xx_hal_dma.o(i.HAL_DMA_Init)
    HAL_GPIO_Init                            0x08000b11   Thumb Code   454  stm32f1xx_hal_gpio.o(i.HAL_GPIO_Init)
    HAL_GPIO_ReadPin                         0x08000d01   Thumb Code    10  stm32f1xx_hal_gpio.o(i.HAL_GPIO_ReadPin)
    HAL_GPIO_TogglePin                       0x08000d0b   Thumb Code    16  stm32f1xx_hal_gpio.o(i.HAL_GPIO_TogglePin)
    HAL_GPIO_WritePin                        0x08000d1b   Thumb Code    10  stm32f1xx_hal_gpio.o(i.HAL_GPIO_WritePin)
    HAL_GetTick                              0x08000d25   Thumb Code     6  stm32f1xx_hal.o(i.HAL_GetTick)
    HAL_I2C_Init                             0x08000d31   Thumb Code   376  stm32f1xx_hal_i2c.o(i.HAL_I2C_Init)
    HAL_I2C_Master_Transmit                  0x08000eb9   Thumb Code   290  stm32f1xx_hal_i2c.o(i.HAL_I2C_Master_Transmit)
    HAL_I2C_MspInit                          0x08000fe5   Thumb Code    80  i2c.o(i.HAL_I2C_MspInit)
    HAL_IncTick                              0x08001041   Thumb Code    12  stm32f1xx_hal.o(i.HAL_IncTick)
    HAL_Init                                 0x08001051   Thumb Code    32  stm32f1xx_hal.o(i.HAL_Init)
    HAL_InitTick                             0x08001075   Thumb Code    54  stm32f1xx_hal.o(i.HAL_InitTick)
    HAL_MspInit                              0x080010b5   Thumb Code    52  stm32f1xx_hal_msp.o(i.HAL_MspInit)
    HAL_NVIC_EnableIRQ                       0x080010f1   Thumb Code    26  stm32f1xx_hal_cortex.o(i.HAL_NVIC_EnableIRQ)
    HAL_NVIC_SetPriority                     0x0800110d   Thumb Code    60  stm32f1xx_hal_cortex.o(i.HAL_NVIC_SetPriority)
    HAL_NVIC_SetPriorityGrouping             0x0800114d   Thumb Code    26  stm32f1xx_hal_cortex.o(i.HAL_NVIC_SetPriorityGrouping)
    HAL_RCC_ClockConfig                      0x08001171   Thumb Code   292  stm32f1xx_hal_rcc.o(i.HAL_RCC_ClockConfig)
    HAL_RCC_GetPCLK1Freq                     0x080012a9   Thumb Code    20  stm32f1xx_hal_rcc.o(i.HAL_RCC_GetPCLK1Freq)
    HAL_RCC_GetPCLK2Freq                     0x080012c9   Thumb Code    20  stm32f1xx_hal_rcc.o(i.HAL_RCC_GetPCLK2Freq)
    HAL_RCC_GetSysClockFreq                  0x080012e9   Thumb Code    58  stm32f1xx_hal_rcc.o(i.HAL_RCC_GetSysClockFreq)
    HAL_RCC_OscConfig                        0x08001335   Thumb Code   770  stm32f1xx_hal_rcc.o(i.HAL_RCC_OscConfig)
    HAL_SPI_Init                             0x0800164d   Thumb Code   178  stm32f1xx_hal_spi.o(i.HAL_SPI_Init)
    HAL_SPI_MspInit                          0x08001701   Thumb Code    80  spi.o(i.HAL_SPI_MspInit)
    HAL_SYSTICK_Config                       0x0800175d   Thumb Code    40  stm32f1xx_hal_cortex.o(i.HAL_SYSTICK_Config)
    HAL_UARTEx_ReceiveToIdle_IT              0x08001785   Thumb Code    86  stm32f1xx_hal_uart.o(i.HAL_UARTEx_ReceiveToIdle_IT)
    HAL_UARTEx_RxEventCallback               0x080017dd   Thumb Code    46  main.o(i.HAL_UARTEx_RxEventCallback)
    HAL_UART_ErrorCallback                   0x08001819   Thumb Code     2  stm32f1xx_hal_uart.o(i.HAL_UART_ErrorCallback)
    HAL_UART_IRQHandler                      0x0800181d   Thumb Code   616  stm32f1xx_hal_uart.o(i.HAL_UART_IRQHandler)
    HAL_UART_Init                            0x08001a89   Thumb Code   100  stm32f1xx_hal_uart.o(i.HAL_UART_Init)
    HAL_UART_MspInit                         0x08001aed   Thumb Code   156  usart.o(i.HAL_UART_MspInit)
    HAL_UART_RxCpltCallback                  0x08001b9d   Thumb Code     2  stm32f1xx_hal_uart.o(i.HAL_UART_RxCpltCallback)
    HAL_UART_Transmit                        0x08001b9f   Thumb Code   160  stm32f1xx_hal_uart.o(i.HAL_UART_Transmit)
    HAL_UART_TxCpltCallback                  0x08001c3f   Thumb Code     2  stm32f1xx_hal_uart.o(i.HAL_UART_TxCpltCallback)
    HardFault_Handler                        0x08001c41   Thumb Code     2  stm32f1xx_it.o(i.HardFault_Handler)
    Key_ObjInit                              0x08001efd   Thumb Code    48  key.o(i.Key_ObjInit)
    Key_RegisterDriver                       0x08001f31   Thumb Code    22  key.o(i.Key_RegisterDriver)
    Key_Scan                                 0x08001f4d   Thumb Code   272  key.o(i.Key_Scan)
    MX_DMA_Init                              0x08002061   Thumb Code    22  dma.o(i.MX_DMA_Init)
    MX_GPIO_Init                             0x0800207d   Thumb Code   220  gpio.o(i.MX_GPIO_Init)
    MX_I2C1_Init                             0x08002169   Thumb Code    50  i2c.o(i.MX_I2C1_Init)
    MX_SPI1_Init                             0x080021a9   Thumb Code    62  spi.o(i.MX_SPI1_Init)
    MX_USART1_UART_Init                      0x080021f1   Thumb Code    48  usart.o(i.MX_USART1_UART_Init)
    MemManage_Handler                        0x08002229   Thumb Code     2  stm32f1xx_it.o(i.MemManage_Handler)
    NMI_Handler                              0x0800222b   Thumb Code     2  stm32f1xx_it.o(i.NMI_Handler)
    OLED_Clear                               0x0800222d   Thumb Code    34  oled.o(i.OLED_Clear)
    OLED_ClearArea                           0x08002255   Thumb Code    80  oled.o(i.OLED_ClearArea)
    OLED_Init                                0x080022a9   Thumb Code   152  oled.o(i.OLED_Init)
    OLED_Printf                              0x08002341   Thumb Code    42  oled.o(i.OLED_Printf)
    OLED_RegisterDriver                      0x0800236d   Thumb Code     8  oled.o(i.OLED_RegisterDriver)
    OLED_SetCursor                           0x08002379   Thumb Code    36  oled.o(i.OLED_SetCursor)
    OLED_ShowChar                            0x0800239d   Thumb Code    52  oled.o(i.OLED_ShowChar)
    OLED_ShowImage                           0x080023d9   Thumb Code   174  oled.o(i.OLED_ShowImage)
    OLED_ShowString                          0x0800248d   Thumb Code    44  oled.o(i.OLED_ShowString)
    OLED_Update                              0x080024b9   Thumb Code    34  oled.o(i.OLED_Update)
    OLED_WriteCommand                        0x080024e1   Thumb Code    14  oled.o(i.OLED_WriteCommand)
    OLED_WriteData                           0x080024ef   Thumb Code    20  oled.o(i.OLED_WriteData)
    PendSV_Handler                           0x08002561   Thumb Code     2  stm32f1xx_it.o(i.PendSV_Handler)
    SVC_Handler                              0x08002563   Thumb Code     2  stm32f1xx_it.o(i.SVC_Handler)
    SysTick_Handler                          0x08002565   Thumb Code     4  stm32f1xx_it.o(i.SysTick_Handler)
    SystemClock_Config                       0x08002569   Thumb Code    92  main.o(i.SystemClock_Config)
    SystemInit                               0x080025c5   Thumb Code     2  system_stm32f1xx.o(i.SystemInit)
    UART_Start_Receive_IT                    0x080027a1   Thumb Code    54  stm32f1xx_hal_uart.o(i.UART_Start_Receive_IT)
    USART1_IRQHandler                        0x08002849   Thumb Code     6  stm32f1xx_it.o(i.USART1_IRQHandler)
    UsageFault_Handler                       0x08002855   Thumb Code     2  stm32f1xx_it.o(i.UsageFault_Handler)
    __0printf                                0x08002859   Thumb Code    22  printfa.o(i.__0printf)
    __1printf                                0x08002859   Thumb Code     0  printfa.o(i.__0printf)
    __2printf                                0x08002859   Thumb Code     0  printfa.o(i.__0printf)
    __c89printf                              0x08002859   Thumb Code     0  printfa.o(i.__0printf)
    printf                                   0x08002859   Thumb Code     0  printfa.o(i.__0printf)
    __0vsnprintf                             0x08002879   Thumb Code    46  printfa.o(i.__0vsnprintf)
    __1vsnprintf                             0x08002879   Thumb Code     0  printfa.o(i.__0vsnprintf)
    __2vsnprintf                             0x08002879   Thumb Code     0  printfa.o(i.__0vsnprintf)
    __c89vsnprintf                           0x08002879   Thumb Code     0  printfa.o(i.__0vsnprintf)
    vsnprintf                                0x08002879   Thumb Code     0  printfa.o(i.__0vsnprintf)
    __0vsprintf                              0x080028ad   Thumb Code    30  printfa.o(i.__0vsprintf)
    __1vsprintf                              0x080028ad   Thumb Code     0  printfa.o(i.__0vsprintf)
    __2vsprintf                              0x080028ad   Thumb Code     0  printfa.o(i.__0vsprintf)
    __c89vsprintf                            0x080028ad   Thumb Code     0  printfa.o(i.__0vsprintf)
    vsprintf                                 0x080028ad   Thumb Code     0  printfa.o(i.__0vsprintf)
    __scatterload_copy                       0x080028f1   Thumb Code    14  handlers.o(i.__scatterload_copy)
    __scatterload_null                       0x080028ff   Thumb Code     2  handlers.o(i.__scatterload_null)
    __scatterload_zeroinit                   0x08002901   Thumb Code    14  handlers.o(i.__scatterload_zeroinit)
    add                                      0x080031bd   Thumb Code    26  main.o(i.add)
    fputc                                    0x080031e9   Thumb Code    20  main.o(i.fputc)
    get_tickFunc                             0x08003201   Thumb Code     4  middle_key.o(i.get_tickFunc)
    gpio_readFunc                            0x08003205   Thumb Code    34  middle_key.o(i.gpio_readFunc)
    hello                                    0x0800322d   Thumb Code    16  main.o(i.hello)
    main                                     0x08003251   Thumb Code   192  main.o(i.main)
    ring_available                           0x08003379   Thumb Code    20  ring.o(i.ring_available)
    ring_free                                0x0800338d   Thumb Code    14  ring.o(i.ring_free)
    ring_init                                0x0800339b   Thumb Code    12  ring.o(i.ring_init)
    ring_read                                0x080033a7   Thumb Code   100  ring.o(i.ring_read)
    ring_write                               0x0800340b   Thumb Code   100  ring.o(i.ring_write)
    shellAnsi                                0x0800346f   Thumb Code   122  shell.o(i.shellAnsi)
    shellClear                               0x0800359d   Thumb Code    22  shell.o(i.shellClear)
    shellDisplay                             0x08003609   Thumb Code    40  shell.o(i.shellDisplay)
    shellExtParsePara                        0x08003a97   Thumb Code   142  shell_ext.o(i.shellExtParsePara)
    shellExtRun                              0x08003b25   Thumb Code   350  shell_ext.o(i.shellExtRun)
    shellGetCurrent                          0x08003c85   Thumb Code    36  shell.o(i.shellGetCurrent)
    shellGetVariable                         0x08003cad   Thumb Code    96  shell.o(i.shellGetVariable)
    shellHandler                             0x08003d0d   Thumb Code   144  shell.o(i.shellHandler)
    shellHelp                                0x08003da1   Thumb Code   174  shell.o(i.shellHelp)
    shellInit                                0x08003f09   Thumb Code   114  shell.o(i.shellInit)
    shellListVariables                       0x08003fa1   Thumb Code   110  shell.o(i.shellListVariables)
    shellPrint                               0x080040d9   Thumb Code    38  shell.o(i.shellPrint)
    shellReadChar                            0x08004101   Thumb Code    26  main.o(i.shellReadChar)
    shellSetVariable                         0x08004121   Thumb Code   136  shell.o(i.shellSetVariable)
    shellTask                                0x080042f5   Thumb Code    42  shell.o(i.shellTask)
    shellWriteChar                           0x08004325   Thumb Code    18  main.o(i.shellWriteChar)
    AHBPrescTable                            0x0800434e   Data          16  system_stm32f1xx.o(.constdata)
    APBPrescTable                            0x0800435e   Data           8  system_stm32f1xx.o(.constdata)
    shellDefaultKeyFunctionList              0x08004368   Data          48  shell.o(.constdata)
    shellCmdsetVar                           0x08004398   Data           7  shell.o(.constdata)
    shellDescsetVar                          0x0800439f   Data           8  shell.o(.constdata)
    shellHelpsetVar                          0x080043a7   Data          22  shell.o(.constdata)
    shellCmdvars                             0x080043bd   Data           5  shell.o(.constdata)
    shellDescvars                            0x080043c2   Data          10  shell.o(.constdata)
    shellCmdhelp                             0x080043cc   Data           5  shell.o(.constdata)
    shellDeschelp                            0x080043d1   Data          13  shell.o(.constdata)
    shellHelphelp                            0x080043de   Data          43  shell.o(.constdata)
    shellCmdcls                              0x08004409   Data           4  shell.o(.constdata)
    shellDesccls                             0x0800440d   Data          19  shell.o(.constdata)
    OLED_F8x16                               0x08004420   Data        1520  oled_data.o(.constdata)
    OLED_F6x8                                0x08004a10   Data         570  oled_data.o(.constdata)
    shellCmdhello                            0x08004c4a   Data           6  main.o(.constdata)
    shellDeschello                           0x08004c50   Data          10  main.o(.constdata)
    shellCmdadd                              0x08004c5a   Data           4  main.o(.constdata)
    shellDescadd                             0x08004c5e   Data          16  main.o(.constdata)
    Region$$Table$$Base                      0x08004eb0   Number         0  anon$$obj.o(Region$$Table)
    Region$$Table$$Limit                     0x08004ed0   Number         0  anon$$obj.o(Region$$Table)
    shellCommand$$Base                       0x08004ed0   Number         0  shell.o(shellCommand)
    shellCommandsetVar                       0x08004ed0   Data          16  shell.o(shellCommand)
    shellCommandvars                         0x08004ee0   Data          16  shell.o(shellCommand)
    shellCommandhelp                         0x08004ef0   Data          16  shell.o(shellCommand)
    shellCommandcls                          0x08004f00   Data          16  shell.o(shellCommand)
    shellCommandhello                        0x08004f10   Data          16  main.o(shellCommand)
    shellCommandadd                          0x08004f20   Data          16  main.o(shellCommand)
    shellCommand$$Limit                      0x08004f30   Number         0  main.o(shellCommand)
    uwTickFreq                               0x20000000   Data           1  stm32f1xx_hal.o(.data)
    uwTickPrio                               0x20000004   Data           4  stm32f1xx_hal.o(.data)
    uwTick                                   0x20000008   Data           4  stm32f1xx_hal.o(.data)
    SystemCoreClock                          0x2000000c   Data           4  system_stm32f1xx.o(.data)
    g_oled_driver                            0x20000038   Data           4  oled.o(.data)
    __stdout                                 0x2000004c   Data           4  stdout.o(.data)
    OLED_DisplayBuf                          0x20000064   Data        1024  oled.o(.bss)
    g_key1                                   0x20000464   Data          40  main.o(.bss)
    g_key2                                   0x2000048c   Data          40  main.o(.bss)
    g_uart1_rx_buffer                        0x200004b4   Data          32  main.o(.bss)
    g_uart1_ring_buffer                      0x200004d4   Data         256  main.o(.bss)
    g_uart1_ring                             0x200005d4   Data          16  main.o(.bss)
    shell                                    0x200005e4   Data         384  main.o(.bss)
    hi2c1                                    0x20000764   Data          84  i2c.o(.bss)
    hspi1                                    0x200007b8   Data          88  spi.o(.bss)
    huart1                                   0x20000810   Data          72  usart.o(.bss)
    hdma_usart1_rx                           0x20000858   Data          68  usart.o(.bss)
    __initial_sp                             0x20000ca0   Data           0  startup_stm32f103xe.o(STACK)



==============================================================================

Memory Map of the image

  Image Entry point : 0x08000131

  Load Region LR_IROM1 (Base: 0x08000000, Size: 0x00004f80, Max: 0x00080000, ABSOLUTE)

    Execution Region ER_IROM1 (Exec base: 0x08000000, Load base: 0x08000000, Size: 0x00004f30, Max: 0x00080000, ABSOLUTE)

    Exec Addr    Load Addr    Size         Type   Attr      Idx    E Section Name        Object

    0x08000000   0x08000000   0x00000130   Data   RO            3    RESET               startup_stm32f103xe.o
    0x08000130   0x08000130   0x00000000   Code   RO         3958  * .ARM.Collect$$$$00000000  mc_w.l(entry.o)
    0x08000130   0x08000130   0x00000004   Code   RO         4309    .ARM.Collect$$$$00000001  mc_w.l(entry2.o)
    0x08000134   0x08000134   0x00000004   Code   RO         4312    .ARM.Collect$$$$00000004  mc_w.l(entry5.o)
    0x08000138   0x08000138   0x00000000   Code   RO         4314    .ARM.Collect$$$$00000008  mc_w.l(entry7b.o)
    0x08000138   0x08000138   0x00000000   Code   RO         4316    .ARM.Collect$$$$0000000A  mc_w.l(entry8b.o)
    0x08000138   0x08000138   0x00000008   Code   RO         4317    .ARM.Collect$$$$0000000B  mc_w.l(entry9a.o)
    0x08000140   0x08000140   0x00000004   Code   RO         4324    .ARM.Collect$$$$0000000E  mc_w.l(entry12b.o)
    0x08000144   0x08000144   0x00000000   Code   RO         4319    .ARM.Collect$$$$0000000F  mc_w.l(entry10a.o)
    0x08000144   0x08000144   0x00000000   Code   RO         4321    .ARM.Collect$$$$00000011  mc_w.l(entry11a.o)
    0x08000144   0x08000144   0x00000004   Code   RO         4310    .ARM.Collect$$$$00002712  mc_w.l(entry2.o)
    0x08000148   0x08000148   0x00000024   Code   RO            4    .text               startup_stm32f103xe.o
    0x0800016c   0x0800016c   0x00000020   Code   RO         3963    .text               mc_w.l(llushr.o)
    0x0800018c   0x0800018c   0x00000024   Code   RO         3965    .text               mc_w.l(memcpya.o)
    0x080001b0   0x080001b0   0x00000024   Code   RO         3967    .text               mc_w.l(memseta.o)
    0x080001d4   0x080001d4   0x0000001c   Code   RO         3969    .text               mc_w.l(strcmp.o)
    0x080001f0   0x080001f0   0x00000064   Code   RO         4236    .text               mf_w.l(fmul.o)
    0x08000254   0x08000254   0x0000007c   Code   RO         4238    .text               mf_w.l(fdiv.o)
    0x080002d0   0x080002d0   0x0000014e   Code   RO         4240    .text               mf_w.l(dadd.o)
    0x0800041e   0x0800041e   0x000000e4   Code   RO         4242    .text               mf_w.l(dmul.o)
    0x08000502   0x08000502   0x000000de   Code   RO         4244    .text               mf_w.l(ddiv.o)
    0x080005e0   0x080005e0   0x00000012   Code   RO         4246    .text               mf_w.l(fflti.o)
    0x080005f2   0x080005f2   0x0000000a   Code   RO         4248    .text               mf_w.l(ffltui.o)
    0x080005fc   0x080005fc   0x00000030   Code   RO         4268    .text               mf_w.l(cdrcmple.o)
    0x0800062c   0x0800062c   0x0000002c   Code   RO         4326    .text               mc_w.l(uidiv.o)
    0x08000658   0x08000658   0x00000062   Code   RO         4328    .text               mc_w.l(uldiv.o)
    0x080006ba   0x080006ba   0x0000001e   Code   RO         4330    .text               mc_w.l(llshl.o)
    0x080006d8   0x080006d8   0x00000024   Code   RO         4332    .text               mc_w.l(llsshr.o)
    0x080006fc   0x080006fc   0x00000000   Code   RO         4341    .text               mc_w.l(iusefp.o)
    0x080006fc   0x080006fc   0x0000006e   Code   RO         4342    .text               mf_w.l(fepilogue.o)
    0x0800076a   0x0800076a   0x000000ba   Code   RO         4344    .text               mf_w.l(depilogue.o)
    0x08000824   0x08000824   0x00000030   Code   RO         4350    .text               mf_w.l(dfixul.o)
    0x08000854   0x08000854   0x00000024   Code   RO         4352    .text               mc_w.l(init.o)
    0x08000878   0x08000878   0x00000064   Code   RO         2839    i.BSP_Key_Init      middle_key.o
    0x080008dc   0x080008dc   0x00000024   Code   RO         2776    i.BSP_OLED_I2C_WriteBytes  middle_oled.o
    0x08000900   0x08000900   0x00000014   Code   RO         2777    i.BSP_OLED_Init     middle_oled.o
    0x08000914   0x08000914   0x00000002   Code   RO         3835    i.BusFault_Handler  stm32f1xx_it.o
    0x08000916   0x08000916   0x00000002   Code   RO         3836    i.DebugMon_Handler  stm32f1xx_it.o
    0x08000918   0x08000918   0x00000004   Code   RO         3452    i.Error_Handler     main.o
    0x0800091c   0x0800091c   0x00000046   Code   RO          952    i.HAL_DMA_Abort     stm32f1xx_hal_dma.o
    0x08000962   0x08000962   0x00000002   PAD
    0x08000964   0x08000964   0x00000130   Code   RO          953    i.HAL_DMA_Abort_IT  stm32f1xx_hal_dma.o
    0x08000a94   0x08000a94   0x0000007c   Code   RO          958    i.HAL_DMA_Init      stm32f1xx_hal_dma.o
    0x08000b10   0x08000b10   0x000001f0   Code   RO          888    i.HAL_GPIO_Init     stm32f1xx_hal_gpio.o
    0x08000d00   0x08000d00   0x0000000a   Code   RO          890    i.HAL_GPIO_ReadPin  stm32f1xx_hal_gpio.o
    0x08000d0a   0x08000d0a   0x00000010   Code   RO          891    i.HAL_GPIO_TogglePin  stm32f1xx_hal_gpio.o
    0x08000d1a   0x08000d1a   0x0000000a   Code   RO          892    i.HAL_GPIO_WritePin  stm32f1xx_hal_gpio.o
    0x08000d24   0x08000d24   0x0000000c   Code   RO          582    i.HAL_GetTick       stm32f1xx_hal.o
    0x08000d30   0x08000d30   0x00000188   Code   RO          145    i.HAL_I2C_Init      stm32f1xx_hal_i2c.o
    0x08000eb8   0x08000eb8   0x0000012c   Code   RO          158    i.HAL_I2C_Master_Transmit  stm32f1xx_hal_i2c.o
    0x08000fe4   0x08000fe4   0x0000005c   Code   RO         3710    i.HAL_I2C_MspInit   i2c.o
    0x08001040   0x08001040   0x00000010   Code   RO          588    i.HAL_IncTick       stm32f1xx_hal.o
    0x08001050   0x08001050   0x00000024   Code   RO          589    i.HAL_Init          stm32f1xx_hal.o
    0x08001074   0x08001074   0x00000040   Code   RO          590    i.HAL_InitTick      stm32f1xx_hal.o
    0x080010b4   0x080010b4   0x0000003c   Code   RO         3917    i.HAL_MspInit       stm32f1xx_hal_msp.o
    0x080010f0   0x080010f0   0x0000001a   Code   RO         1048    i.HAL_NVIC_EnableIRQ  stm32f1xx_hal_cortex.o
    0x0800110a   0x0800110a   0x00000002   PAD
    0x0800110c   0x0800110c   0x00000040   Code   RO         1054    i.HAL_NVIC_SetPriority  stm32f1xx_hal_cortex.o
    0x0800114c   0x0800114c   0x00000024   Code   RO         1055    i.HAL_NVIC_SetPriorityGrouping  stm32f1xx_hal_cortex.o
    0x08001170   0x08001170   0x00000138   Code   RO          746    i.HAL_RCC_ClockConfig  stm32f1xx_hal_rcc.o
    0x080012a8   0x080012a8   0x00000020   Code   RO          753    i.HAL_RCC_GetPCLK1Freq  stm32f1xx_hal_rcc.o
    0x080012c8   0x080012c8   0x00000020   Code   RO          754    i.HAL_RCC_GetPCLK2Freq  stm32f1xx_hal_rcc.o
    0x080012e8   0x080012e8   0x0000004c   Code   RO          755    i.HAL_RCC_GetSysClockFreq  stm32f1xx_hal_rcc.o
    0x08001334   0x08001334   0x00000318   Code   RO          758    i.HAL_RCC_OscConfig  stm32f1xx_hal_rcc.o
    0x0800164c   0x0800164c   0x000000b2   Code   RO         1559    i.HAL_SPI_Init      stm32f1xx_hal_spi.o
    0x080016fe   0x080016fe   0x00000002   PAD
    0x08001700   0x08001700   0x0000005c   Code   RO         3752    i.HAL_SPI_MspInit   spi.o
    0x0800175c   0x0800175c   0x00000028   Code   RO         1059    i.HAL_SYSTICK_Config  stm32f1xx_hal_cortex.o
    0x08001784   0x08001784   0x00000056   Code   RO         1881    i.HAL_UARTEx_ReceiveToIdle_IT  stm32f1xx_hal_uart.o
    0x080017da   0x080017da   0x00000002   PAD
    0x080017dc   0x080017dc   0x0000003c   Code   RO         3453    i.HAL_UARTEx_RxEventCallback  main.o
    0x08001818   0x08001818   0x00000002   Code   RO         1896    i.HAL_UART_ErrorCallback  stm32f1xx_hal_uart.o
    0x0800181a   0x0800181a   0x00000002   PAD
    0x0800181c   0x0800181c   0x0000026c   Code   RO         1899    i.HAL_UART_IRQHandler  stm32f1xx_hal_uart.o
    0x08001a88   0x08001a88   0x00000064   Code   RO         1900    i.HAL_UART_Init     stm32f1xx_hal_uart.o
    0x08001aec   0x08001aec   0x000000b0   Code   RO         3794    i.HAL_UART_MspInit  usart.o
    0x08001b9c   0x08001b9c   0x00000002   Code   RO         1906    i.HAL_UART_RxCpltCallback  stm32f1xx_hal_uart.o
    0x08001b9e   0x08001b9e   0x000000a0   Code   RO         1908    i.HAL_UART_Transmit  stm32f1xx_hal_uart.o
    0x08001c3e   0x08001c3e   0x00000002   Code   RO         1911    i.HAL_UART_TxCpltCallback  stm32f1xx_hal_uart.o
    0x08001c40   0x08001c40   0x00000002   Code   RO         3837    i.HardFault_Handler  stm32f1xx_it.o
    0x08001c42   0x08001c42   0x0000002e   Code   RO          188    i.I2C_IsAcknowledgeFailed  stm32f1xx_hal_i2c.o
    0x08001c70   0x08001c70   0x0000009c   Code   RO          192    i.I2C_MasterRequestWrite  stm32f1xx_hal_i2c.o
    0x08001d0c   0x08001d0c   0x00000056   Code   RO          203    i.I2C_WaitOnBTFFlagUntilTimeout  stm32f1xx_hal_i2c.o
    0x08001d62   0x08001d62   0x00000088   Code   RO          204    i.I2C_WaitOnFlagUntilTimeout  stm32f1xx_hal_i2c.o
    0x08001dea   0x08001dea   0x000000ba   Code   RO          205    i.I2C_WaitOnMasterAddressFlagUntilTimeout  stm32f1xx_hal_i2c.o
    0x08001ea4   0x08001ea4   0x00000056   Code   RO          207    i.I2C_WaitOnTXEFlagUntilTimeout  stm32f1xx_hal_i2c.o
    0x08001efa   0x08001efa   0x00000002   PAD
    0x08001efc   0x08001efc   0x00000034   Code   RO         3414    i.Key_ObjInit       key.o
    0x08001f30   0x08001f30   0x0000001c   Code   RO         3415    i.Key_RegisterDriver  key.o
    0x08001f4c   0x08001f4c   0x00000114   Code   RO         3416    i.Key_Scan          key.o
    0x08002060   0x08002060   0x0000001c   Code   RO         3682    i.MX_DMA_Init       dma.o
    0x0800207c   0x0800207c   0x000000ec   Code   RO         3655    i.MX_GPIO_Init      gpio.o
    0x08002168   0x08002168   0x00000040   Code   RO         3711    i.MX_I2C1_Init      i2c.o
    0x080021a8   0x080021a8   0x00000048   Code   RO         3753    i.MX_SPI1_Init      spi.o
    0x080021f0   0x080021f0   0x00000038   Code   RO         3795    i.MX_USART1_UART_Init  usart.o
    0x08002228   0x08002228   0x00000002   Code   RO         3838    i.MemManage_Handler  stm32f1xx_it.o
    0x0800222a   0x0800222a   0x00000002   Code   RO         3839    i.NMI_Handler       stm32f1xx_it.o
    0x0800222c   0x0800222c   0x00000028   Code   RO         3183    i.OLED_Clear        oled.o
    0x08002254   0x08002254   0x00000054   Code   RO         3184    i.OLED_ClearArea    oled.o
    0x080022a8   0x080022a8   0x00000098   Code   RO         3193    i.OLED_Init         oled.o
    0x08002340   0x08002340   0x0000002a   Code   RO         3196    i.OLED_Printf       oled.o
    0x0800236a   0x0800236a   0x00000002   PAD
    0x0800236c   0x0800236c   0x0000000c   Code   RO         3197    i.OLED_RegisterDriver  oled.o
    0x08002378   0x08002378   0x00000024   Code   RO         3200    i.OLED_SetCursor    oled.o
    0x0800239c   0x0800239c   0x0000003c   Code   RO         3202    i.OLED_ShowChar     oled.o
    0x080023d8   0x080023d8   0x000000b4   Code   RO         3206    i.OLED_ShowImage    oled.o
    0x0800248c   0x0800248c   0x0000002c   Code   RO         3209    i.OLED_ShowString   oled.o
    0x080024b8   0x080024b8   0x00000028   Code   RO         3210    i.OLED_Update       oled.o
    0x080024e0   0x080024e0   0x0000000e   Code   RO         3212    i.OLED_WriteCommand  oled.o
    0x080024ee   0x080024ee   0x00000014   Code   RO         3213    i.OLED_WriteData    oled.o
    0x08002502   0x08002502   0x00000002   PAD
    0x08002504   0x08002504   0x0000005c   Code   RO         3214    i.OLED_WritePacket  oled.o
    0x08002560   0x08002560   0x00000002   Code   RO         3840    i.PendSV_Handler    stm32f1xx_it.o
    0x08002562   0x08002562   0x00000002   Code   RO         3841    i.SVC_Handler       stm32f1xx_it.o
    0x08002564   0x08002564   0x00000004   Code   RO         3842    i.SysTick_Handler   stm32f1xx_it.o
    0x08002568   0x08002568   0x0000005c   Code   RO         3454    i.SystemClock_Config  main.o
    0x080025c4   0x080025c4   0x00000002   Code   RO         2234    i.SystemInit        system_stm32f1xx.o
    0x080025c6   0x080025c6   0x00000010   Code   RO         1913    i.UART_DMAAbortOnError  stm32f1xx_hal_uart.o
    0x080025d6   0x080025d6   0x0000004e   Code   RO         1923    i.UART_EndRxTransfer  stm32f1xx_hal_uart.o
    0x08002624   0x08002624   0x000000c2   Code   RO         1925    i.UART_Receive_IT   stm32f1xx_hal_uart.o
    0x080026e6   0x080026e6   0x00000002   PAD
    0x080026e8   0x080026e8   0x000000b8   Code   RO         1926    i.UART_SetConfig    stm32f1xx_hal_uart.o
    0x080027a0   0x080027a0   0x00000036   Code   RO         1928    i.UART_Start_Receive_IT  stm32f1xx_hal_uart.o
    0x080027d6   0x080027d6   0x00000070   Code   RO         1929    i.UART_WaitOnFlagUntilTimeout  stm32f1xx_hal_uart.o
    0x08002846   0x08002846   0x00000002   PAD
    0x08002848   0x08002848   0x0000000c   Code   RO         3843    i.USART1_IRQHandler  stm32f1xx_it.o
    0x08002854   0x08002854   0x00000002   Code   RO         3844    i.UsageFault_Handler  stm32f1xx_it.o
    0x08002856   0x08002856   0x00000002   PAD
    0x08002858   0x08002858   0x00000020   Code   RO         4206    i.__0printf         mc_w.l(printfa.o)
    0x08002878   0x08002878   0x00000034   Code   RO         4211    i.__0vsnprintf      mc_w.l(printfa.o)
    0x080028ac   0x080028ac   0x00000024   Code   RO         4212    i.__0vsprintf       mc_w.l(printfa.o)
    0x080028d0   0x080028d0   0x00000020   Code   RO         1061    i.__NVIC_SetPriority  stm32f1xx_hal_cortex.o
    0x080028f0   0x080028f0   0x0000000e   Code   RO         4358    i.__scatterload_copy  mc_w.l(handlers.o)
    0x080028fe   0x080028fe   0x00000002   Code   RO         4359    i.__scatterload_null  mc_w.l(handlers.o)
    0x08002900   0x08002900   0x0000000e   Code   RO         4360    i.__scatterload_zeroinit  mc_w.l(handlers.o)
    0x0800290e   0x0800290e   0x00000002   PAD
    0x08002910   0x08002910   0x00000184   Code   RO         4213    i._fp_digits        mc_w.l(printfa.o)
    0x08002a94   0x08002a94   0x000006b4   Code   RO         4214    i._printf_core      mc_w.l(printfa.o)
    0x08003148   0x08003148   0x00000024   Code   RO         4215    i._printf_post_padding  mc_w.l(printfa.o)
    0x0800316c   0x0800316c   0x0000002e   Code   RO         4216    i._printf_pre_padding  mc_w.l(printfa.o)
    0x0800319a   0x0800319a   0x00000016   Code   RO         4217    i._snputc           mc_w.l(printfa.o)
    0x080031b0   0x080031b0   0x0000000a   Code   RO         4218    i._sputc            mc_w.l(printfa.o)
    0x080031ba   0x080031ba   0x00000002   PAD
    0x080031bc   0x080031bc   0x0000002c   Code   RO         3455    i.add               main.o
    0x080031e8   0x080031e8   0x00000018   Code   RO         3456    i.fputc             main.o
    0x08003200   0x08003200   0x00000004   Code   RO         2840    i.get_tickFunc      middle_key.o
    0x08003204   0x08003204   0x00000028   Code   RO         2841    i.gpio_readFunc     middle_key.o
    0x0800322c   0x0800322c   0x00000024   Code   RO         3457    i.hello             main.o
    0x08003250   0x08003250   0x00000120   Code   RO         3458    i.main              main.o
    0x08003370   0x08003370   0x00000008   Code   RO         2268    i.min_u32           ring.o
    0x08003378   0x08003378   0x00000014   Code   RO         2269    i.ring_available    ring.o
    0x0800338c   0x0800338c   0x0000000e   Code   RO         2271    i.ring_free         ring.o
    0x0800339a   0x0800339a   0x0000000c   Code   RO         2272    i.ring_init         ring.o
    0x080033a6   0x080033a6   0x00000064   Code   RO         2274    i.ring_read         ring.o
    0x0800340a   0x0800340a   0x00000064   Code   RO         2275    i.ring_write        ring.o
    0x0800346e   0x0800346e   0x0000007a   Code   RO         2323    i.shellAnsi         shell.o
    0x080034e8   0x080034e8   0x00000010   Code   RO         2324    i.shellAnsiStart    shell.o
    0x080034f8   0x080034f8   0x000000a4   Code   RO         2325    i.shellBackspace    shell.o
    0x0800359c   0x0800359c   0x00000024   Code   RO         2326    i.shellClear        shell.o
    0x080035c0   0x080035c0   0x0000002a   Code   RO         2327    i.shellClearLine    shell.o
    0x080035ea   0x080035ea   0x00000002   PAD
    0x080035ec   0x080035ec   0x0000001c   Code   RO         2328    i.shellDelete       shell.o
    0x08003608   0x08003608   0x00000028   Code   RO         2329    i.shellDisplay      shell.o
    0x08003630   0x08003630   0x0000000e   Code   RO         2330    i.shellDisplayByte  shell.o
    0x0800363e   0x0800363e   0x00000002   PAD
    0x08003640   0x08003640   0x00000058   Code   RO         2331    i.shellDisplayItem  shell.o
    0x08003698   0x08003698   0x000000ac   Code   RO         2332    i.shellDisplayValue  shell.o
    0x08003744   0x08003744   0x00000034   Code   RO         2333    i.shellDisplayVariable  shell.o
    0x08003778   0x08003778   0x000001d0   Code   RO         2334    i.shellEnter        shell.o
    0x08003948   0x08003948   0x0000003c   Code   RO         2516    i.shellExtParseChar  shell_ext.o
    0x08003984   0x08003984   0x00000112   Code   RO         2517    i.shellExtParseNumber  shell_ext.o
    0x08003a96   0x08003a96   0x0000008e   Code   RO         2518    i.shellExtParsePara  shell_ext.o
    0x08003b24   0x08003b24   0x0000015e   Code   RO         2519    i.shellExtRun       shell_ext.o
    0x08003c82   0x08003c82   0x00000002   PAD
    0x08003c84   0x08003c84   0x00000028   Code   RO         2335    i.shellGetCurrent   shell.o
    0x08003cac   0x08003cac   0x00000060   Code   RO         2336    i.shellGetVariable  shell.o
    0x08003d0c   0x08003d0c   0x00000094   Code   RO         2337    i.shellHandler      shell.o
    0x08003da0   0x08003da0   0x000000cc   Code   RO         2338    i.shellHelp         shell.o
    0x08003e6c   0x08003e6c   0x0000009c   Code   RO         2339    i.shellHistory      shell.o
    0x08003f08   0x08003f08   0x00000098   Code   RO         2340    i.shellInit         shell.o
    0x08003fa0   0x08003fa0   0x00000080   Code   RO         2341    i.shellListVariables  shell.o
    0x08004020   0x08004020   0x000000b8   Code   RO         2342    i.shellNormal       shell.o
    0x080040d8   0x080040d8   0x00000026   Code   RO         2343    i.shellPrint        shell.o
    0x080040fe   0x080040fe   0x00000002   PAD
    0x08004100   0x08004100   0x00000020   Code   RO         3459    i.shellReadChar     main.o
    0x08004120   0x08004120   0x000000a8   Code   RO         2345    i.shellSetVariable  shell.o
    0x080041c8   0x080041c8   0x00000024   Code   RO         2346    i.shellStringCompare  shell.o
    0x080041ec   0x080041ec   0x00000018   Code   RO         2347    i.shellStringCopy   shell.o
    0x08004204   0x08004204   0x000000f0   Code   RO         2348    i.shellTab          shell.o
    0x080042f4   0x080042f4   0x00000030   Code   RO         2349    i.shellTask         shell.o
    0x08004324   0x08004324   0x00000018   Code   RO         3460    i.shellWriteChar    main.o
    0x0800433c   0x0800433c   0x00000012   Data   RO          759    .constdata          stm32f1xx_hal_rcc.o
    0x0800434e   0x0800434e   0x00000010   Data   RO         2235    .constdata          system_stm32f1xx.o
    0x0800435e   0x0800435e   0x00000008   Data   RO         2236    .constdata          system_stm32f1xx.o
    0x08004366   0x08004366   0x00000002   PAD
    0x08004368   0x08004368   0x00000030   Data   RO         2351    .constdata          shell.o
    0x08004398   0x08004398   0x00000007   Data   RO         2352    .constdata          shell.o
    0x0800439f   0x0800439f   0x00000008   Data   RO         2353    .constdata          shell.o
    0x080043a7   0x080043a7   0x00000016   Data   RO         2354    .constdata          shell.o
    0x080043bd   0x080043bd   0x00000005   Data   RO         2355    .constdata          shell.o
    0x080043c2   0x080043c2   0x0000000a   Data   RO         2356    .constdata          shell.o
    0x080043cc   0x080043cc   0x00000005   Data   RO         2357    .constdata          shell.o
    0x080043d1   0x080043d1   0x0000000d   Data   RO         2358    .constdata          shell.o
    0x080043de   0x080043de   0x0000002b   Data   RO         2359    .constdata          shell.o
    0x08004409   0x08004409   0x00000004   Data   RO         2360    .constdata          shell.o
    0x0800440d   0x0800440d   0x00000013   Data   RO         2361    .constdata          shell.o
    0x08004420   0x08004420   0x000005f0   Data   RO         3399    .constdata          oled_data.o
    0x08004a10   0x08004a10   0x0000023a   Data   RO         3400    .constdata          oled_data.o
    0x08004c4a   0x08004c4a   0x00000006   Data   RO         3463    .constdata          main.o
    0x08004c50   0x08004c50   0x0000000a   Data   RO         3464    .constdata          main.o
    0x08004c5a   0x08004c5a   0x00000004   Data   RO         3465    .constdata          main.o
    0x08004c5e   0x08004c5e   0x00000010   Data   RO         3466    .constdata          main.o
    0x08004c6e   0x08004c6e   0x00000002   PAD
    0x08004c70   0x08004c70   0x0000023d   Data   RO         2362    .conststring        shell.o
    0x08004ead   0x08004ead   0x00000003   PAD
    0x08004eb0   0x08004eb0   0x00000020   Data   RO         4356    Region$$Table       anon$$obj.o
    0x08004ed0   0x08004ed0   0x00000010   Data   RO         2364    shellCommand        shell.o
    0x08004ee0   0x08004ee0   0x00000010   Data   RO         2365    shellCommand        shell.o
    0x08004ef0   0x08004ef0   0x00000010   Data   RO         2366    shellCommand        shell.o
    0x08004f00   0x08004f00   0x00000010   Data   RO         2367    shellCommand        shell.o
    0x08004f10   0x08004f10   0x00000010   Data   RO         3467    shellCommand        main.o
    0x08004f20   0x08004f20   0x00000010   Data   RO         3468    shellCommand        main.o


    Execution Region RW_IRAM1 (Exec base: 0x20000000, Load base: 0x08004f30, Size: 0x00000ca0, Max: 0x00010000, ABSOLUTE)

    Exec Addr    Load Addr    Size         Type   Attr      Idx    E Section Name        Object

    0x20000000   0x08004f30   0x0000000c   Data   RW          596    .data               stm32f1xx_hal.o
    0x2000000c   0x08004f3c   0x00000004   Data   RW         2237    .data               system_stm32f1xx.o
    0x20000010   0x08004f40   0x00000024   Data   RW         2363    .data               shell.o
    0x20000034   0x08004f64   0x00000004   Data   RW         3217    .data               oled.o
    0x20000038   0x08004f68   0x00000004   Data   RW         3218    .data               oled.o
    0x2000003c   0x08004f6c   0x00000008   Data   RW         3417    .data               key.o
    0x20000044   0x08004f74   0x00000008   Data   RW         3418    .data               key.o
    0x2000004c   0x08004f7c   0x00000004   Data   RW         4325    .data               mc_w.l(stdout.o)
    0x20000050        -       0x00000014   Zero   RW         2350    .bss                shell.o
    0x20000064        -       0x00000400   Zero   RW         3216    .bss                oled.o
    0x20000464        -       0x00000300   Zero   RW         3462    .bss                main.o
    0x20000764        -       0x00000054   Zero   RW         3712    .bss                i2c.o
    0x200007b8        -       0x00000058   Zero   RW         3754    .bss                spi.o
    0x20000810        -       0x0000008c   Zero   RW         3796    .bss                usart.o
    0x2000089c   0x08004f80   0x00000004   PAD
    0x200008a0        -       0x00000400   Zero   RW            1    STACK               startup_stm32f103xe.o


==============================================================================

Image component sizes


      Code (inc. data)   RO Data    RW Data    ZI Data      Debug   Object Name

        28          6          0          0          0        702   dma.o
       236         16          0          0          0        959   gpio.o
       156         26          0          0         84       1553   i2c.o
       356         22          0         16          0       3990   key.o
       604        164         68          0        768     454181   main.o
       144         22          0          0          0       2666   middle_key.o
        56         10          0          0          0       3158   middle_oled.o
       816         38          0          8       1024       8668   oled.o
         0          0       2090          0          0        573   oled_data.o
       254          0          0          0          0       4096   ring.o
      2900        236        821         36         20      24296   shell.o
       826         10          0          0          0       4486   shell_ext.o
       164         22          0          0         88       1561   spi.o
        36          8        304          0       1024        784   startup_stm32f103xe.o
       128         24          0         12          0       5781   stm32f1xx_hal.o
       198         14          0          0          0      28795   stm32f1xx_hal_cortex.o
       498         20          0          0          0       2450   stm32f1xx_hal_dma.o
       532         42          0          0          0       4004   stm32f1xx_hal_gpio.o
         0          0          0          0          0     467916   stm32f1xx_hal_gpio_ex.o
      1388         32          0          0          0       8973   stm32f1xx_hal_i2c.o
        60          8          0          0          0        842   stm32f1xx_hal_msp.o
      1244         84         18          0          0       5152   stm32f1xx_hal_rcc.o
       178          0          0          0          0       1123   stm32f1xx_hal_spi.o
      1610         10          0          0          0      10925   stm32f1xx_hal_uart.o
        32          6          0          0          0       4126   stm32f1xx_it.o
         2          0         24          4          0       1059   system_stm32f1xx.o
       232         28          0          0        140       1713   usart.o

    ----------------------------------------------------------------------
     12708        848       3364         76       3152    1054532   Object Totals
         0          0         32          0          0          0   (incl. Generated)
        30          0          7          0          4          0   (incl. Padding)

    ----------------------------------------------------------------------

      Code (inc. data)   RO Data    RW Data    ZI Data      Debug   Library Member Name

         0          0          0          0          0          0   entry.o
         0          0          0          0          0          0   entry10a.o
         0          0          0          0          0          0   entry11a.o
         4          0          0          0          0          0   entry12b.o
         8          4          0          0          0          0   entry2.o
         4          0          0          0          0          0   entry5.o
         0          0          0          0          0          0   entry7b.o
         0          0          0          0          0          0   entry8b.o
         8          4          0          0          0          0   entry9a.o
        30          0          0          0          0          0   handlers.o
        36          8          0          0          0         68   init.o
         0          0          0          0          0          0   iusefp.o
        30          0          0          0          0         68   llshl.o
        36          0          0          0          0         68   llsshr.o
        32          0          0          0          0         68   llushr.o
        36          0          0          0          0         68   memcpya.o
        36          0          0          0          0        108   memseta.o
      2338        102          0          0          0        760   printfa.o
         0          0          0          4          0          0   stdout.o
        28          0          0          0          0         76   strcmp.o
        44          0          0          0          0         80   uidiv.o
        98          0          0          0          0         92   uldiv.o
        48          0          0          0          0         68   cdrcmple.o
       334          0          0          0          0        148   dadd.o
       222          0          0          0          0        100   ddiv.o
       186          0          0          0          0        176   depilogue.o
        48          0          0          0          0         68   dfixul.o
       228          0          0          0          0         96   dmul.o
       124          0          0          0          0         88   fdiv.o
       110          0          0          0          0        168   fepilogue.o
        18          0          0          0          0         68   fflti.o
        10          0          0          0          0         68   ffltui.o
       100          0          0          0          0         76   fmul.o

    ----------------------------------------------------------------------
      4200        118          0          4          0       2580   Library Totals
         4          0          0          0          0          0   (incl. Padding)

    ----------------------------------------------------------------------

      Code (inc. data)   RO Data    RW Data    ZI Data      Debug   Library Name

      2768        118          0          4          0       1456   mc_w.l
      1428          0          0          0          0       1124   mf_w.l

    ----------------------------------------------------------------------
      4200        118          0          4          0       2580   Library Totals

    ----------------------------------------------------------------------

==============================================================================


      Code (inc. data)   RO Data    RW Data    ZI Data      Debug   

     16908        966       3364         80       3152    1049308   Grand Totals
     16908        966       3364         80       3152    1049308   ELF Image Totals
     16908        966       3364         80          0          0   ROM Totals

==============================================================================

    Total RO  Size (Code + RO Data)                20272 (  19.80kB)
    Total RW  Size (RW Data + ZI Data)              3232 (   3.16kB)
    Total ROM Size (Code + RO Data + RW Data)      20352 (  19.88kB)

==============================================================================

